Archive member included to satisfy reference by file (symbol)

c:/stm32/arm-none-eabi-gcc-6.3.0-170107/bin/../lib/gcc/arm-none-eabi/6.3.0/../../../../arm-none-eabi/lib/armv7-m\libg.a(lib_a-memcmp.o)
                              out/tasks.o (memcmp)
c:/stm32/arm-none-eabi-gcc-6.3.0-170107/bin/../lib/gcc/arm-none-eabi/6.3.0/../../../../arm-none-eabi/lib/armv7-m\libg.a(lib_a-memcpy.o)
                              out/queue.o (memcpy)
c:/stm32/arm-none-eabi-gcc-6.3.0-170107/bin/../lib/gcc/arm-none-eabi/6.3.0/../../../../arm-none-eabi/lib/armv7-m\libg.a(lib_a-memset.o)
                              out/tasks.o (memset)
c:/stm32/arm-none-eabi-gcc-6.3.0-170107/bin/../lib/gcc/arm-none-eabi/6.3.0/../../../../arm-none-eabi/lib/armv7-m\libg.a(lib_a-reent.o)
                              out/syscalls.o (errno)
c:/stm32/arm-none-eabi-gcc-6.3.0-170107/bin/../lib/gcc/arm-none-eabi/6.3.0/../../../../arm-none-eabi/lib/armv7-m\libg.a(lib_a-sprintf.o)
                              out/tasks.o (sprintf)
c:/stm32/arm-none-eabi-gcc-6.3.0-170107/bin/../lib/gcc/arm-none-eabi/6.3.0/../../../../arm-none-eabi/lib/armv7-m\libg.a(lib_a-strcat.o)
                              out/tasks.o (strcat)
c:/stm32/arm-none-eabi-gcc-6.3.0-170107/bin/../lib/gcc/arm-none-eabi/6.3.0/../../../../arm-none-eabi/lib/armv7-m\libg.a(lib_a-strcpy.o)
                              c:/stm32/arm-none-eabi-gcc-6.3.0-170107/bin/../lib/gcc/arm-none-eabi/6.3.0/../../../../arm-none-eabi/lib/armv7-m\libg.a(lib_a-strcat.o) (strcpy)
c:/stm32/arm-none-eabi-gcc-6.3.0-170107/bin/../lib/gcc/arm-none-eabi/6.3.0/../../../../arm-none-eabi/lib/armv7-m\libg.a(lib_a-strlen-stub.o)
                              out/tasks.o (strlen)
c:/stm32/arm-none-eabi-gcc-6.3.0-170107/bin/../lib/gcc/arm-none-eabi/6.3.0/../../../../arm-none-eabi/lib/armv7-m\libg.a(lib_a-strncpy.o)
                              out/tasks.o (strncpy)
c:/stm32/arm-none-eabi-gcc-6.3.0-170107/bin/../lib/gcc/arm-none-eabi/6.3.0/../../../../arm-none-eabi/lib/armv7-m\libg.a(lib_a-svfprintf.o)
                              c:/stm32/arm-none-eabi-gcc-6.3.0-170107/bin/../lib/gcc/arm-none-eabi/6.3.0/../../../../arm-none-eabi/lib/armv7-m\libg.a(lib_a-sprintf.o) (_svfprintf_r)
c:/stm32/arm-none-eabi-gcc-6.3.0-170107/bin/../lib/gcc/arm-none-eabi/6.3.0/../../../../arm-none-eabi/lib/armv7-m\libg.a(lib_a-dtoa.o)
                              c:/stm32/arm-none-eabi-gcc-6.3.0-170107/bin/../lib/gcc/arm-none-eabi/6.3.0/../../../../arm-none-eabi/lib/armv7-m\libg.a(lib_a-svfprintf.o) (_dtoa_r)
c:/stm32/arm-none-eabi-gcc-6.3.0-170107/bin/../lib/gcc/arm-none-eabi/6.3.0/../../../../arm-none-eabi/lib/armv7-m\libg.a(lib_a-freer.o)
                              c:/stm32/arm-none-eabi-gcc-6.3.0-170107/bin/../lib/gcc/arm-none-eabi/6.3.0/../../../../arm-none-eabi/lib/armv7-m\libg.a(lib_a-reent.o) (_free_r)
c:/stm32/arm-none-eabi-gcc-6.3.0-170107/bin/../lib/gcc/arm-none-eabi/6.3.0/../../../../arm-none-eabi/lib/armv7-m\libg.a(lib_a-impure.o)
                              c:/stm32/arm-none-eabi-gcc-6.3.0-170107/bin/../lib/gcc/arm-none-eabi/6.3.0/../../../../arm-none-eabi/lib/armv7-m\libg.a(lib_a-reent.o) (_impure_ptr)
c:/stm32/arm-none-eabi-gcc-6.3.0-170107/bin/../lib/gcc/arm-none-eabi/6.3.0/../../../../arm-none-eabi/lib/armv7-m\libg.a(lib_a-localeconv.o)
                              c:/stm32/arm-none-eabi-gcc-6.3.0-170107/bin/../lib/gcc/arm-none-eabi/6.3.0/../../../../arm-none-eabi/lib/armv7-m\libg.a(lib_a-svfprintf.o) (_localeconv_r)
c:/stm32/arm-none-eabi-gcc-6.3.0-170107/bin/../lib/gcc/arm-none-eabi/6.3.0/../../../../arm-none-eabi/lib/armv7-m\libg.a(lib_a-locale.o)
                              c:/stm32/arm-none-eabi-gcc-6.3.0-170107/bin/../lib/gcc/arm-none-eabi/6.3.0/../../../../arm-none-eabi/lib/armv7-m\libg.a(lib_a-localeconv.o) (__global_locale)
c:/stm32/arm-none-eabi-gcc-6.3.0-170107/bin/../lib/gcc/arm-none-eabi/6.3.0/../../../../arm-none-eabi/lib/armv7-m\libg.a(lib_a-malloc.o)
                              c:/stm32/arm-none-eabi-gcc-6.3.0-170107/bin/../lib/gcc/arm-none-eabi/6.3.0/../../../../arm-none-eabi/lib/armv7-m\libg.a(lib_a-dtoa.o) (malloc)
c:/stm32/arm-none-eabi-gcc-6.3.0-170107/bin/../lib/gcc/arm-none-eabi/6.3.0/../../../../arm-none-eabi/lib/armv7-m\libg.a(lib_a-mallocr.o)
                              c:/stm32/arm-none-eabi-gcc-6.3.0-170107/bin/../lib/gcc/arm-none-eabi/6.3.0/../../../../arm-none-eabi/lib/armv7-m\libg.a(lib_a-svfprintf.o) (_malloc_r)
c:/stm32/arm-none-eabi-gcc-6.3.0-170107/bin/../lib/gcc/arm-none-eabi/6.3.0/../../../../arm-none-eabi/lib/armv7-m\libg.a(lib_a-mbtowc_r.o)
                              c:/stm32/arm-none-eabi-gcc-6.3.0-170107/bin/../lib/gcc/arm-none-eabi/6.3.0/../../../../arm-none-eabi/lib/armv7-m\libg.a(lib_a-locale.o) (__ascii_mbtowc)
c:/stm32/arm-none-eabi-gcc-6.3.0-170107/bin/../lib/gcc/arm-none-eabi/6.3.0/../../../../arm-none-eabi/lib/armv7-m\libg.a(lib_a-memchr-stub.o)
[...]
Memory Configuration

Name             Origin             Length             Attributes
rom              0x0000000008000000 0x0000000000010000 xr
ram              0x0000000020000000 0x0000000000005000 xrw
*default*        0x0000000000000000 0xffffffffffffffff

Linker script and memory map

LOAD out/startup.o
LOAD out/main.o
LOAD out/gpio.o
LOAD out/vectors.o
LOAD out/syscalls.o
LOAD out/tasks.o
LOAD out/list.o
LOAD out/croutine.o
LOAD out/queue.o
LOAD out/port.o
LOAD out/heap_2.o
LOAD out/mainTask1.o
START GROUP
LOAD c:/stm32/arm-none-eabi-gcc-6.3.0-170107/bin/../lib/gcc/arm-none-eabi/6.3.0/armv7-m\libgcc.a
LOAD c:/stm32/arm-none-eabi-gcc-6.3.0-170107/bin/../lib/gcc/arm-none-eabi/6.3.0/../../../../arm-none-eabi/lib/armv7-m\libg.a
LOAD c:/stm32/arm-none-eabi-gcc-6.3.0-170107/bin/../lib/gcc/arm-none-eabi/6.3.0/../../../../arm-none-eabi/lib/armv7-m\libc.a
END GROUP
                0x0000000000000400                __main_stack_size = 0x400
                0x0000000000000400                __process_stack_size = 0x400
                [!provide]                        PROVIDE (__main_stack_size, __main_stack_size)
                [!provide]                        PROVIDE (__process_stack_size, __process_stack_size)
                0x0000000008000000                __rom_start = ORIGIN (rom)
                0x0000000000010000                __rom_size = LENGTH (rom)
                0x0000000008010000                __rom_end = (__rom_start + __rom_size)
                0x0000000020000000                __ram_start = ORIGIN (ram)
                0x0000000000005000                __ram_size = LENGTH (ram)
                0x0000000020005000                __ram_end = (__ram_start + __ram_size)
                [!provide]                        PROVIDE (__rom_start, __rom_start)
                [!provide]                        PROVIDE (__rom_size, __rom_size)
                [!provide]                        PROVIDE (__rom_end, __rom_end)
                [!provide]                        PROVIDE (__ram_start, __ram_start)
                [!provide]                        PROVIDE (__ram_size, __ram_size)
                [!provide]                        PROVIDE (__ram_end, __ram_end)

.text           0x0000000008000000     0x1af4
                0x0000000008000000                . = ALIGN (0x4)
                0x0000000008000000                __text_start = .
                [!provide]                        PROVIDE (__text_start, __text_start)
                0x0000000008000000                . = ALIGN (0x4)
 *(.vectors)
 .vectors       0x0000000008000000      0x130 out/vectors.o
                0x0000000008000000                vectors
                0x0000000008000130                . = ALIGN (0x4)
 *(.text .text.* .gnu.linkonce.t.*)
 .text          0x0000000008000130       0x68 out/startup.o
                0x0000000008000130                Reset_Handler
                0x0000000008000172                low_level_init_1
                0x0000000008000172                low_level_init_0
                0x0000000008000172                __default_low_level_init
 .text.main     0x0000000008000198       0x9c out/main.o
                0x0000000008000198                main
 .text.vApplicationStackOverflowHook
                0x0000000008000234        0xc out/main.o
                0x0000000008000234                vApplicationStackOverflowHook
 .text.gpio_pin_cfg
                0x0000000008000240       0x5c out/gpio.o
                0x0000000008000240                gpio_pin_cfg
 .text.__Default_Handler
                0x000000000800029c        0xe out/vectors.o
                0x000000000800029c                EXTI2_IRQHandler
                0x000000000800029c                TIM8_TRG_COM_IRQHandler
                0x000000000800029c                TIM8_CC_IRQHandler
                0x000000000800029c                DebugMon_Handler
                0x000000000800029c                TIM1_CC_IRQHandler
                0x000000000800029c                HardFault_Handler
                0x000000000800029c                TIM6_IRQHandler
                0x000000000800029c                PVD_IRQHandler
                0x000000000800029c                SDIO_IRQHandler
                0x000000000800029c                __Reserved_0x1C_Handler
                0x000000000800029c                NMI_Handler
                0x000000000800029c                EXTI3_IRQHandler
                0x000000000800029c                __Reserved_0x20_Handler
                0x000000000800029c                EXTI0_IRQHandler
                0x000000000800029c                I2C2_EV_IRQHandler
                0x000000000800029c                UsageFault_Handler
                0x000000000800029c                ADC1_2_IRQHandler
                0x000000000800029c                SPI1_IRQHandler
                0x000000000800029c                CAN_SCE_IRQHandler
                0x000000000800029c                TAMPER_IRQHandler
                0x000000000800029c                TIM8_UP_IRQHandler
                0x000000000800029c                DMA2_Channel2_IRQHandler
                0x000000000800029c                DMA1_Channel4_IRQHandler
                0x000000000800029c                USART3_IRQHandler
                0x000000000800029c                RTC_IRQHandler
                0x000000000800029c                DMA1_Channel7_IRQHandler
                0x000000000800029c                UART5_IRQHandler
                0x000000000800029c                ADC3_IRQHandler
                0x000000000800029c                USBWakeup_IRQHandler
                0x000000000800029c                TIM4_IRQHandler
                0x000000000800029c                CAN_RX1_IRQHandler
                0x000000000800029c                DMA2_Channel1_IRQHandler
                0x000000000800029c                __Reserved_0x34_Handler
                0x000000000800029c                I2C1_EV_IRQHandler
                0x000000000800029c                DMA1_Channel6_IRQHandler
                0x000000000800029c                UART4_IRQHandler
                0x000000000800029c                TIM3_IRQHandler
                0x000000000800029c                RCC_IRQHandler
                0x000000000800029c                TIM1_TRG_COM_IRQHandler
                0x000000000800029c                DMA1_Channel1_IRQHandler
                0x000000000800029c                EXTI15_10_IRQHandler
                0x000000000800029c                TIM7_IRQHandler
                0x000000000800029c                TIM5_IRQHandler
                0x000000000800029c                __Reserved_0x28_Handler
                0x000000000800029c                EXTI9_5_IRQHandler
                0x000000000800029c                SPI2_IRQHandler
                0x000000000800029c                MemManage_Handler
                0x000000000800029c                __Reserved_0x24_Handler
                0x000000000800029c                DMA1_Channel5_IRQHandler
                0x000000000800029c                EXTI4_IRQHandler
                0x000000000800029c                USB_LP_CAN1_RX0_IRQHandler
                0x000000000800029c                USB_HP_CAN1_TX_IRQHandler
                0x000000000800029c                DMA1_Channel3_IRQHandler
                0x000000000800029c                FSMC_IRQHandler
                0x000000000800029c                TIM1_UP_IRQHandler
                0x000000000800029c                WWDG_IRQHandler
                0x000000000800029c                TIM2_IRQHandler
                0x000000000800029c                TIM1_BRK_IRQHandler
                0x000000000800029c                EXTI1_IRQHandler
                0x000000000800029c                RTCAlarm_IRQHandler
                0x000000000800029c                DMA2_Channel4_5_IRQHandler
                0x000000000800029c                USART2_IRQHandler
                0x000000000800029c                I2C2_ER_IRQHandler
                0x000000000800029c                DMA1_Channel2_IRQHandler
                0x000000000800029c                TIM8_BRK_IRQHandler
                0x000000000800029c                FLASH_IRQHandler
                0x000000000800029c                BusFault_Handler
                0x000000000800029c                USART1_IRQHandler
                0x000000000800029c                SPI3_IRQHandler
                0x000000000800029c                I2C1_ER_IRQHandler
                0x000000000800029c                DMA2_Channel3_IRQHandler
 *fill*         0x00000000080002aa        0x2 
 .text.xTaskGenericCreate
                0x00000000080002ac      0x158 out/tasks.o
                0x00000000080002ac                xTaskGenericCreate
 .text.vTaskDelay
                0x0000000008000404       0x8c out/tasks.o
                0x0000000008000404                vTaskDelay
 .text.vTaskStartScheduler
                0x0000000008000490       0x64 out/tasks.o
                0x0000000008000490                vTaskStartScheduler
 .text.vTaskSuspendAll
                0x00000000080004f4       0x1c out/tasks.o
                0x00000000080004f4                vTaskSuspendAll
 .text.xTaskResumeAll
                0x0000000008000510      0x100 out/tasks.o
                0x0000000008000510                xTaskResumeAll
 .text.vTaskIncrementTick
                0x0000000008000610       0xe0 out/tasks.o
                0x0000000008000610                vTaskIncrementTick
 .text.vTaskSwitchContext
                0x00000000080006f0      0x178 out/tasks.o
                0x00000000080006f0                vTaskSwitchContext
 .text.vTaskPlaceOnEventList
                0x0000000008000868       0x9c out/tasks.o
                0x0000000008000868                vTaskPlaceOnEventList
 .text.xTaskRemoveFromEventList
                0x0000000008000904       0xac out/tasks.o
                0x0000000008000904                xTaskRemoveFromEventList
 .text.vTaskSetTimeOutState
                0x00000000080009b0       0x2c out/tasks.o
                0x00000000080009b0                vTaskSetTimeOutState
 .text.xTaskCheckForTimeOut
                0x00000000080009dc       0x88 out/tasks.o
                0x00000000080009dc                xTaskCheckForTimeOut
 .text.vTaskMissedYield
                0x0000000008000a64       0x18 out/tasks.o
                0x0000000008000a64                vTaskMissedYield
 .text.prvIdleTask
                0x0000000008000a7c       0x20 out/tasks.o
 .text.prvInitialiseTCBVariables
                0x0000000008000a9c       0x72 out/tasks.o
 *fill*         0x0000000008000b0e        0x2 
 .text.prvInitialiseTaskLists
                0x0000000008000b10       0x80 out/tasks.o
 .text.prvCheckTasksWaitingTermination
                0x0000000008000b90       0x84 out/tasks.o
 .text.prvAllocateTCBAndStack
                0x0000000008000c14       0x62 out/tasks.o
 .text.prvDeleteTCB
                0x0000000008000c76       0x20 out/tasks.o
 *fill*         0x0000000008000c96        0x2 
 .text.xTaskGetCurrentTaskHandle
                0x0000000008000c98       0x1c out/tasks.o
                0x0000000008000c98                xTaskGetCurrentTaskHandle
 .text.vTaskPriorityInherit
                0x0000000008000cb4       0xa4 out/tasks.o
                0x0000000008000cb4                vTaskPriorityInherit
 .text.vTaskPriorityDisinherit
                0x0000000008000d58       0x7c out/tasks.o
                0x0000000008000d58                vTaskPriorityDisinherit
 .text.vListInitialise
                0x0000000008000dd4       0x3e out/list.o
                0x0000000008000dd4                vListInitialise
 .text.vListInitialiseItem
                0x0000000008000e12       0x18 out/list.o
                0x0000000008000e12                vListInitialiseItem
 .text.vListInsertEnd
                0x0000000008000e2a       0x4e out/list.o
                0x0000000008000e2a                vListInsertEnd
 .text.vListInsert
                0x0000000008000e78       0x70 out/list.o
                0x0000000008000e78                vListInsert
 .text.vListRemove
                0x0000000008000ee8       0x4e out/list.o
                0x0000000008000ee8                vListRemove
 .text.xQueueCreate
                0x0000000008000f36       0xb6 out/queue.o
                0x0000000008000f36                xQueueCreate
 .text.xQueueGenericSend
                0x0000000008000fec      0x106 out/queue.o
                0x0000000008000fec                xQueueGenericSend
 .text.xQueueGenericReceive
                0x00000000080010f2      0x168 out/queue.o
                0x00000000080010f2                xQueueGenericReceive
 .text.prvCopyDataToQueue
                0x000000000800125a       0xb6 out/queue.o
 .text.prvCopyDataFromQueue
                0x0000000008001310       0x4c out/queue.o
 .text.prvUnlockQueue
                0x000000000800135c       0x98 out/queue.o
 .text.prvIsQueueEmpty
                0x00000000080013f4       0x2a out/queue.o
 .text.prvIsQueueFull
                0x000000000800141e       0x2e out/queue.o
 .text.pxPortInitialiseStack
                0x000000000800144c       0x50 out/port.o
                0x000000000800144c                pxPortInitialiseStack
 .text.SVC_Handler
                0x000000000800149c       0x24 out/port.o
                0x000000000800149c                SVC_Handler
 .text.vPortStartFirstTask
                0x00000000080014c0       0x18 out/port.o
                0x00000000080014c0                vPortStartFirstTask
 .text.xPortStartScheduler
                0x00000000080014d8       0x38 out/port.o
                0x00000000080014d8                xPortStartScheduler
 .text.vPortYieldFromISR
                0x0000000008001510       0x18 out/port.o
                0x0000000008001510                vPortYieldFromISR
 .text.vPortEnterCritical
                0x0000000008001528       0x24 out/port.o
                0x0000000008001528                vPortEnterCritical
 .text.vPortExitCritical
                0x000000000800154c       0x2c out/port.o
                0x000000000800154c                vPortExitCritical
 .text.PendSV_Handler
                0x0000000008001578       0x40 out/port.o
                0x0000000008001578                PendSV_Handler
 .text.SysTick_Handler
                0x00000000080015b8       0x34 out/port.o
                0x00000000080015b8                SysTick_Handler
 .text.prvSetupTimerInterrupt
                0x00000000080015ec       0x24 out/port.o
 .text.pvPortMalloc
                0x0000000008001610      0x144 out/heap_2.o
                0x0000000008001610                pvPortMalloc
 .text.vPortFree
                0x0000000008001754       0x74 out/heap_2.o
                0x0000000008001754                vPortFree
 .text.vTask1   0x00000000080017c8       0x38 out/mainTask1.o
                0x00000000080017c8                vTask1
 .text.vTask2   0x0000000008001800       0x3c out/mainTask1.o
                0x0000000008001800                vTask2
 .text.memcmp   0x000000000800183c       0x60 c:/stm32/arm-none-eabi-gcc-6.3.0-170107/bin/../lib/gcc/arm-none-eabi/6.3.0/../../../../arm-none-eabi/lib/armv7-m\libg.a(lib_a-memcmp.o)
                0x000000000800183c                memcmp
 .text          0x000000000800189c       0xec c:/stm32/arm-none-eabi-gcc-6.3.0-170107/bin/../lib/gcc/arm-none-eabi/6.3.0/../../../../arm-none-eabi/lib/armv7-m\libg.a(lib_a-memcpy.o)
                0x000000000800189c                memcpy
 .text.memset   0x0000000008001988       0x9c c:/stm32/arm-none-eabi-gcc-6.3.0-170107/bin/../lib/gcc/arm-none-eabi/6.3.0/../../../../arm-none-eabi/lib/armv7-m\libg.a(lib_a-memset.o)
                0x0000000008001988                memset
 .text.strncpy  0x0000000008001a24       0x64 c:/stm32/arm-none-eabi-gcc-6.3.0-170107/bin/../lib/gcc/arm-none-eabi/6.3.0/../../../../arm-none-eabi/lib/armv7-m\libg.a(lib_a-strncpy.o)
                0x0000000008001a24                strncpy
                0x0000000008001a88                . = ALIGN (0x4)
 *(.glue_7t .glue_7)
 .glue_7        0x0000000008001a88        0x0 linker stubs
 .glue_7t       0x0000000008001a88        0x0 linker stubs
                0x0000000008001a88                . = ALIGN (0x4)
 *(.rodata .rodata.* .gnu.linkonce.r.*)
 .rodata        0x0000000008001a88        0x6 out/main.o
 *fill*         0x0000000008001a8e        0x2 
 .rodata        0x0000000008001a90       0x4f out/tasks.o
 *fill*         0x0000000008001adf        0x1 
 .rodata.ucExpectedStackBytes.6029
                0x0000000008001ae0       0x14 out/tasks.o
                0x0000000008001af4                . = ALIGN (0x4)
 *(.ARM.extab* .gnu.linkonce.armextab.*)
                0x0000000008001af4                . = ALIGN (0x4)
 *(.gcc_except_table)
                0x0000000008001af4                . = ALIGN (0x4)
 *(.eh_frame_hdr)
                0x0000000008001af4                . = ALIGN (0x4)
 *(.eh_frame)
                0x0000000008001af4                . = ALIGN (0x4)
 *(.init)
                0x0000000008001af4                . = ALIGN (0x4)
                0x0000000008001af4                __preinit_array_start = .
 *(.preinit_array)
                0x0000000008001af4                . = ALIGN (0x4)
                0x0000000008001af4                __preinit_array_end = .
                0x0000000008001af4                __init_array_start = .
 *(SORT(.init_array.*))
                0x0000000008001af4                . = ALIGN (0x4)
 *(.init_array)
                0x0000000008001af4                . = ALIGN (0x4)
                0x0000000008001af4                __init_array_end = .
 *(.fini)
                0x0000000008001af4                . = ALIGN (0x4)
                0x0000000008001af4                __fini_array_start = .
 *(.fini_array)
                0x0000000008001af4                . = ALIGN (0x4)
 *(SORT(.fini_array.*))
                0x0000000008001af4                . = ALIGN (0x4)
                0x0000000008001af4                __fini_array_end = .
                0x0000000008001af4                . = ALIGN (0x4)
                0x0000000008001af4                __text_end = .
                [!provide]                        PROVIDE (__text_end, __text_end)

.vfp11_veneer   0x0000000008001af4        0x0
 .vfp11_veneer  0x0000000008001af4        0x0 linker stubs

.v4_bx          0x0000000008001af4        0x0
 .v4_bx         0x0000000008001af4        0x0 linker stubs

.iplt           0x0000000008001af4        0x0
 .iplt          0x0000000008001af4        0x0 out/startup.o

.rel.dyn        0x0000000008001af4        0x0
 .rel.iplt      0x0000000008001af4        0x0 out/startup.o
                0x0000000008001af4                . = ALIGN (0x4)
                0x0000000008001af4                __exidx_start = .
                [!provide]                        PROVIDE (__exidx_start, __exidx_start)

.ARM.exidx
 *(.ARM.exidx* .gnu.linkonce.armexidx.*)
                0x0000000008001af4                . = ALIGN (0x4)
                0x0000000008001af4                __exidx_end = .
                [!provide]                        PROVIDE (__exidx_end, __exidx_end)

.data           0x0000000020000000        0xc load address 0x0000000008001af4
                0x0000000020000000                . = ALIGN (0x4)
                0x0000000008001af4                __data_init_start = LOADADDR (.data)
                [!provide]                        PROVIDE (__data_init_start, __data_init_start)
                0x0000000020000000                __data_start = .
                [!provide]                        PROVIDE (__data_start, __data_start)
                0x0000000020000000                . = ALIGN (0x4)
 *(.data .data.* .gnu.linkonce.d.*)
 .data.uxPreviousTask
                0x0000000020000000        0x4 out/tasks.o
 .data.uxCriticalNesting
                0x0000000020000004        0x4 out/port.o
 .data.xFreeBytesRemaining
                0x0000000020000008        0x4 out/heap_2.o
                0x000000002000000c                . = ALIGN (0x4)
                0x000000002000000c                __data_end = .
                [!provide]                        PROVIDE (__data_end, __data_end)

.igot.plt       0x000000002000000c        0x0 load address 0x0000000008001b00
 .igot.plt      0x000000002000000c        0x0 out/startup.o

.bss            0x0000000020000010     0x2944
                0x0000000020000010                . = ALIGN (0x4)
                0x0000000020000010                __bss_start = .
                [!provide]                        PROVIDE (__bss_start, __bss_start)
                0x0000000020000010                . = ALIGN (0x4)
 *(.bss .bss.* .gnu.linkonce.b.*)
 .bss.pxCurrentTCB
                0x0000000020000010        0x4 out/tasks.o
                0x0000000020000010                pxCurrentTCB
 .bss.pxReadyTasksLists
                0x0000000020000014       0x78 out/tasks.o
 .bss.xDelayedTaskList1
                0x000000002000008c       0x14 out/tasks.o
 .bss.xDelayedTaskList2
                0x00000000200000a0       0x14 out/tasks.o
 .bss.pxDelayedTaskList
                0x00000000200000b4        0x4 out/tasks.o
 .bss.pxOverflowDelayedTaskList
                0x00000000200000b8        0x4 out/tasks.o
 .bss.xPendingReadyList
                0x00000000200000bc       0x14 out/tasks.o
 .bss.xTasksWaitingTermination
                0x00000000200000d0       0x14 out/tasks.o
 .bss.uxTasksDeleted
                0x00000000200000e4        0x4 out/tasks.o
 .bss.xSuspendedTaskList
                0x00000000200000e8       0x14 out/tasks.o
 .bss.uxCurrentNumberOfTasks
                0x00000000200000fc        0x4 out/tasks.o
 .bss.xTickCount
                0x0000000020000100        0x4 out/tasks.o
 .bss.uxTopUsedPriority
                0x0000000020000104        0x4 out/tasks.o
 .bss.uxTopReadyPriority
                0x0000000020000108        0x4 out/tasks.o
 .bss.xSchedulerRunning
                0x000000002000010c        0x4 out/tasks.o
 .bss.uxSchedulerSuspended
                0x0000000020000110        0x4 out/tasks.o
 .bss.uxMissedTicks
                0x0000000020000114        0x4 out/tasks.o
 .bss.xMissedYield
                0x0000000020000118        0x4 out/tasks.o
 .bss.xNumOfOverflows
                0x000000002000011c        0x4 out/tasks.o
 .bss.uxTaskNumber
                0x0000000020000120        0x4 out/tasks.o
 .bss.ulTaskSwitchedInTime
                0x0000000020000124        0x4 out/tasks.o
 .bss.pcTraceBuffer
                0x0000000020000128        0x4 out/tasks.o
 .bss.pcTraceBufferEnd
                0x000000002000012c        0x4 out/tasks.o
 .bss.xTracing  0x0000000020000130        0x4 out/tasks.o
 *fill*         0x0000000020000134        0x4 
 .bss.xHeap     0x0000000020000138     0x2800 out/heap_2.o
 .bss.xStart    0x0000000020002938        0x8 out/heap_2.o
 .bss.xEnd      0x0000000020002940        0x8 out/heap_2.o
 .bss.xHeapHasBeenInitialised.4878
                0x0000000020002948        0x4 out/heap_2.o
                0x000000002000294c                . = ALIGN (0x4)
 *(COMMON)
 COMMON         0x000000002000294c        0x8 out/main.o
                0x000000002000294c                ulHighFrequencyTimerTicks
                0x0000000020002950                globalQueueHandle
                0x0000000020002954                . = ALIGN (0x4)
                0x0000000020002954                __bss_end = .
                [!provide]                        PROVIDE (__bss_end, __bss_end)

.stack          0x0000000020002954      0x804
                0x0000000020002958                . = ALIGN (0x8)
 *fill*         0x0000000020002954        0x4 
                0x0000000020002958                __stack_start = .
                [!provide]                        PROVIDE (__stack_start, __stack_start)
                0x0000000020002958                . = ALIGN (0x8)
                0x0000000020002958                __main_stack_start = .
                [!provide]                        PROVIDE (__main_stack_start, __main_stack_start)
                0x0000000020002d58                . = (. + __main_stack_size)
 *fill*         0x0000000020002958      0x400 
                0x0000000020002d58                . = ALIGN (0x8)
                0x0000000020002d58                __main_stack_end = .
                [!provide]                        PROVIDE (__main_stack_end, __main_stack_end)
                0x0000000020002d58                . = ALIGN (0x8)
                0x0000000020002d58                __process_stack_start = .
                [!provide]                        PROVIDE (__process_stack_start, __process_stack_start)
                0x0000000020003158                . = (. + __process_stack_size)
 *fill*         0x0000000020002d58      0x400 
                0x0000000020003158                . = ALIGN (0x8)
                0x0000000020003158                __process_stack_end = .
                [!provide]                        PROVIDE (__process_stack_end, __process_stack_end)
                0x0000000020003158                . = ALIGN (0x8)
                0x0000000020003158                __stack_end = .
                [!provide]                        PROVIDE (__stack_end, __stack_end)
                0x0000000020003158                . = ALIGN (0x4)
                0x0000000020003158                __heap_start = .
                [!provide]                        PROVIDE (__heap_start, __heap_start)
                0x0000000020003158                . = ALIGN (0x4)
                0x0000000020005000                __heap_end = __ram_end
                [!provide]                        PROVIDE (__heap_end, __heap_end)

.stab
 *(.stab)

.stabstr
 *(.stabstr)

.debug
 *(.debug)

.line
 *(.line)

.debug_srcinfo
 *(.debug_srcinfo)

.debug_sfnames
 *(.debug_sfnames)

.debug_aranges  0x0000000000000000      0xa38
 *(.debug_aranges)
 .debug_aranges
                0x0000000000000000       0x20 out/startup.o
 .debug_aranges
                0x0000000000000020       0x28 out/main.o
 .debug_aranges
                0x0000000000000048       0x28 out/gpio.o
 .debug_aranges
                0x0000000000000070       0x20 out/vectors.o
 .debug_aranges
                0x0000000000000090       0xa8 out/syscalls.o
 .debug_aranges
                0x0000000000000138      0x160 out/tasks.o
 .debug_aranges
                0x0000000000000298       0x40 out/list.o
 .debug_aranges
                0x00000000000002d8       0x50 out/croutine.o
 .debug_aranges
                0x0000000000000328       0xa8 out/queue.o
 .debug_aranges
                0x00000000000003d0       0x70 out/port.o
 .debug_aranges
                0x0000000000000440       0x38 out/heap_2.o
 .debug_aranges
                0x0000000000000478       0x28 out/mainTask1.o
 .debug_aranges
                0x00000000000004a0       0x20 c:/stm32/arm-none-eabi-gcc-6.3.0-170107/bin/../lib/gcc/arm-none-eabi/6.3.0/../../../../arm-none-eabi/lib/armv7-m\libg.a(lib_a-memcmp.o)
 .debug_aranges
                0x00000000000004c0       0x20 c:/stm32/arm-none-eabi-gcc-6.3.0-170107/bin/../lib/gcc/arm-none-eabi/6.3.0/../../../../arm-none-eabi/lib/armv7-m\libg.a(lib_a-memcpy.o)
 .debug_aranges
                0x00000000000004e0       0x20 c:/stm32/arm-none-eabi-gcc-6.3.0-170107/bin/../lib/gcc/arm-none-eabi/6.3.0/../../../../arm-none-eabi/lib/armv7-m\libg.a(lib_a-memset.o)
 .debug_aranges
                0x0000000000000500       0x28 c:/stm32/arm-none-eabi-gcc-6.3.0-170107/bin/../lib/gcc/arm-none-eabi/6.3.0/../../../../arm-none-eabi/lib/armv7-m\libg.a(lib_a-reent.o)
 .debug_aranges
                0x0000000000000528       0x28 c:/stm32/arm-none-eabi-gcc-6.3.0-170107/bin/../lib/gcc/arm-none-eabi/6.3.0/../../../../arm-none-eabi/lib/armv7-m\libg.a(lib_a-sprintf.o)
 .debug_aranges
                0x0000000000000550       0x20 c:/stm32/arm-none-eabi-gcc-6.3.0-170107/bin/../lib/gcc/arm-none-eabi/6.3.0/../../../../arm-none-eabi/lib/armv7-m\libg.a(lib_a-strcat.o)
 .debug_aranges
                0x0000000000000570       0x20 c:/stm32/arm-none-eabi-gcc-6.3.0-170107/bin/../lib/gcc/arm-none-eabi/6.3.0/../../../../arm-none-eabi/lib/armv7-m\libg.a(lib_a-strcpy.o)
 .debug_aranges
                0x0000000000000590       0x20 c:/stm32/arm-none-eabi-gcc-6.3.0-170107/bin/../lib/gcc/arm-none-eabi/6.3.0/../../../../arm-none-eabi/lib/armv7-m\libg.a(lib_a-strlen-stub.o)
 .debug_aranges
                0x00000000000005b0       0x20 c:/stm32/arm-none-eabi-gcc-6.3.0-170107/bin/../lib/gcc/arm-none-eabi/6.3.0/../../../../arm-none-eabi/lib/armv7-m\libg.a(lib_a-strncpy.o)
 .debug_aranges
                0x00000000000005d0       0x20 c:/stm32/arm-none-eabi-gcc-6.3.0-170107/bin/../lib/gcc/arm-none-eabi/6.3.0/../../../../arm-none-eabi/lib/armv7-m\libg.a(lib_a-svfprintf.o)
 .debug_aranges
                0x00000000000005f0       0x28 c:/stm32/arm-none-eabi-gcc-6.3.0-170107/bin/../lib/gcc/arm-none-eabi/6.3.0/../../../../arm-none-eabi/lib/armv7-m\libg.a(lib_a-dtoa.o)
 .debug_aranges
                0x0000000000000618       0x28 c:/stm32/arm-none-eabi-gcc-6.3.0-170107/bin/../lib/gcc/arm-none-eabi/6.3.0/../../../../arm-none-eabi/lib/armv7-m\libg.a(lib_a-freer.o)
 .debug_aranges
                0x0000000000000640       0x18 c:/stm32/arm-none-eabi-gcc-6.3.0-170107/bin/../lib/gcc/arm-none-eabi/6.3.0/../../../../arm-none-eabi/lib/armv7-m\libg.a(lib_a-impure.o)
 .debug_aranges
                0x0000000000000658       0x30 c:/stm32/arm-none-eabi-gcc-6.3.0-170107/bin/../lib/gcc/arm-none-eabi/6.3.0/../../../../arm-none-eabi/lib/armv7-m\libg.a(lib_a-localeconv.o)
 .debug_aranges
                0x0000000000000688       0x40 c:/stm32/arm-none-eabi-gcc-6.3.0-170107/bin/../lib/gcc/arm-none-eabi/6.3.0/../../../../arm-none-eabi/lib/armv7-m\libg.a(lib_a-locale.o)
 .debug_aranges
                0x00000000000006c8       0x28 c:/stm32/arm-none-eabi-gcc-6.3.0-170107/bin/../lib/gcc/arm-none-eabi/6.3.0/../../../../arm-none-eabi/lib/armv7-m\libg.a(lib_a-malloc.o)
 .debug_aranges
                0x00000000000006f0       0x20 c:/stm32/arm-none-eabi-gcc-6.3.0-170107/bin/../lib/gcc/arm-none-eabi/6.3.0/../../../../arm-none-eabi/lib/armv7-m\libg.a(lib_a-mallocr.o)
 .debug_aranges
                0x0000000000000710       0x28 c:/stm32/arm-none-eabi-gcc-6.3.0-170107/bin/../lib/gcc/arm-none-eabi/6.3.0/../../../../arm-none-eabi/lib/armv7-m\libg.a(lib_a-mbtowc_r.o)
 .debug_aranges
                0x0000000000000738       0x20 c:/stm32/arm-none-eabi-gcc-6.3.0-170107/bin/../lib/gcc/arm-none-eabi/6.3.0/../../../../arm-none-eabi/lib/armv7-m\libg.a(lib_a-memchr-stub.o)
 .debug_aranges
                0x0000000000000758       0x20 c:/stm32/arm-none-eabi-gcc-6.3.0-170107/bin/../lib/gcc/arm-none-eabi/6.3.0/../../../../arm-none-eabi/lib/armv7-m\libg.a(lib_a-mlock.o)
 .debug_aranges
                0x0000000000000778       0xb0 c:/stm32/arm-none-eabi-gcc-6.3.0-170107/bin/../lib/gcc/arm-none-eabi/6.3.0/../../../../arm-none-eabi/lib/armv7-m\libg.a(lib_a-mprec.o)
 .debug_aranges
                0x0000000000000828       0x20 c:/stm32/arm-none-eabi-gcc-6.3.0-170107/bin/../lib/gcc/arm-none-eabi/6.3.0/../../../../arm-none-eabi/lib/armv7-m\libg.a(lib_a-s_frexp.o)
 .debug_aranges
                0x0000000000000848       0x20 c:/stm32/arm-none-eabi-gcc-6.3.0-170107/bin/../lib/gcc/arm-none-eabi/6.3.0/../../../../arm-none-eabi/lib/armv7-m\libg.a(lib_a-strcmp.o)
 .debug_aranges
                0x0000000000000868       0x30 c:/stm32/arm-none-eabi-gcc-6.3.0-170107/bin/../lib/gcc/arm-none-eabi/6.3.0/../../../../arm-none-eabi/lib/armv7-m\libg.a(lib_a-svfiprintf.o)
 .debug_aranges
                0x0000000000000898       0x28 c:/stm32/arm-none-eabi-gcc-6.3.0-170107/bin/../lib/gcc/arm-none-eabi/6.3.0/../../../../arm-none-eabi/lib/armv7-m\libg.a(lib_a-wctomb_r.o)
 .debug_aranges
                0x00000000000008c0       0x20 c:/stm32/arm-none-eabi-gcc-6.3.0-170107/bin/../lib/gcc/arm-none-eabi/6.3.0/../../../../arm-none-eabi/lib/armv7-m\libg.a(lib_a-callocr.o)
 .debug_aranges
                0x00000000000008e0       0x18 c:/stm32/arm-none-eabi-gcc-6.3.0-170107/bin/../lib/gcc/arm-none-eabi/6.3.0/../../../../arm-none-eabi/lib/armv7-m\libg.a(lib_a-ctype_.o)
 .debug_aranges
                0x00000000000008f8       0x20 c:/stm32/arm-none-eabi-gcc-6.3.0-170107/bin/../lib/gcc/arm-none-eabi/6.3.0/../../../../arm-none-eabi/lib/armv7-m\libg.a(lib_a-memmove.o)
 .debug_aranges
                0x0000000000000918       0x20 c:/stm32/arm-none-eabi-gcc-6.3.0-170107/bin/../lib/gcc/arm-none-eabi/6.3.0/../../../../arm-none-eabi/lib/armv7-m\libg.a(lib_a-reallocr.o)
 .debug_aranges
                0x0000000000000938       0x20 c:/stm32/arm-none-eabi-gcc-6.3.0-170107/bin/../lib/gcc/arm-none-eabi/6.3.0/armv7-m\libgcc.a(_arm_addsubdf3.o)
 .debug_aranges
                0x0000000000000958       0x20 c:/stm32/arm-none-eabi-gcc-6.3.0-170107/bin/../lib/gcc/arm-none-eabi/6.3.0/armv7-m\libgcc.a(_arm_muldivdf3.o)
 .debug_aranges
                0x0000000000000978       0x20 c:/stm32/arm-none-eabi-gcc-6.3.0-170107/bin/../lib/gcc/arm-none-eabi/6.3.0/armv7-m\libgcc.a(_arm_cmpdf2.o)
 .debug_aranges
                0x0000000000000998       0x20 c:/stm32/arm-none-eabi-gcc-6.3.0-170107/bin/../lib/gcc/arm-none-eabi/6.3.0/armv7-m\libgcc.a(_arm_unorddf2.o)
 .debug_aranges
                0x00000000000009b8       0x20 c:/stm32/arm-none-eabi-gcc-6.3.0-170107/bin/../lib/gcc/arm-none-eabi/6.3.0/armv7-m\libgcc.a(_arm_fixdfsi.o)
 .debug_aranges
                0x00000000000009d8       0x20 c:/stm32/arm-none-eabi-gcc-6.3.0-170107/bin/../lib/gcc/arm-none-eabi/6.3.0/armv7-m\libgcc.a(_aeabi_uldivmod.o)
 .debug_aranges
                0x00000000000009f8       0x20 c:/stm32/arm-none-eabi-gcc-6.3.0-170107/bin/../lib/gcc/arm-none-eabi/6.3.0/armv7-m\libgcc.a(_udivmoddi4.o)
 .debug_aranges
                0x0000000000000a18       0x20 c:/stm32/arm-none-eabi-gcc-6.3.0-170107/bin/../lib/gcc/arm-none-eabi/6.3.0/armv7-m\libgcc.a(_dvmd_tls.o)

.debug_pubnames
 *(.debug_pubnames)

.debug_info     0x0000000000000000    0x1ef98
 *(.debug_info .gnu.linkonce.wi.*)
 .debug_info    0x0000000000000000       0x4e out/startup.o
 .debug_info    0x000000000000004e      0xbcf out/main.o
 .debug_info    0x0000000000000c1d      0x224 out/gpio.o
 .debug_info    0x0000000000000e41       0x8d out/vectors.o
 .debug_info    0x0000000000000ece     0x103a out/syscalls.o
 .debug_info    0x0000000000001f08     0x187e out/tasks.o
 .debug_info    0x0000000000003786      0xaa6 out/list.o
 .debug_info    0x000000000000422c      0x477 out/croutine.o
 .debug_info    0x00000000000046a3      0xf8d out/queue.o
 .debug_info    0x0000000000005630      0x1c5 out/port.o
 .debug_info    0x00000000000057f5      0xac4 out/heap_2.o
 .debug_info    0x00000000000062b9      0x1a0 out/mainTask1.o
 .debug_info    0x0000000000006459      0x91b c:/stm32/arm-none-eabi-gcc-6.3.0-170107/bin/../lib/gcc/arm-none-eabi/6.3.0/../../../../arm-none-eabi/lib/armv7-m\libg.a(lib_a-memcmp.o)
 .debug_info    0x0000000000006d74       0xf6 c:/stm32/arm-none-eabi-gcc-6.3.0-170107/bin/../lib/gcc/arm-none-eabi/6.3.0/../../../../arm-none-eabi/lib/armv7-m\libg.a(lib_a-memcpy.o)
 .debug_info    0x0000000000006e6a      0xe24 c:/stm32/arm-none-eabi-gcc-6.3.0-170107/bin/../lib/gcc/arm-none-eabi/6.3.0/../../../../arm-none-eabi/lib/armv7-m\libg.a(lib_a-memset.o)
 .debug_info    0x0000000000007c8e      0xa6e c:/stm32/arm-none-eabi-gcc-6.3.0-170107/bin/../lib/gcc/arm-none-eabi/6.3.0/../../../../arm-none-eabi/lib/armv7-m\libg.a(lib_a-reent.o)
 .debug_info    0x00000000000086fc      0xbd6 c:/stm32/arm-none-eabi-gcc-6.3.0-170107/bin/../lib/gcc/arm-none-eabi/6.3.0/../../../../arm-none-eabi/lib/armv7-m\libg.a(lib_a-sprintf.o)
 .debug_info    0x00000000000092d2      0x90c c:/stm32/arm-none-eabi-gcc-6.3.0-170107/bin/../lib/gcc/arm-none-eabi/6.3.0/../../../../arm-none-eabi/lib/armv7-m\libg.a(lib_a-strcat.o)
 .debug_info    0x0000000000009bde      0x8ba c:/stm32/arm-none-eabi-gcc-6.3.0-170107/bin/../lib/gcc/arm-none-eabi/6.3.0/../../../../arm-none-eabi/lib/armv7-m\libg.a(lib_a-strcpy.o)
 .debug_info    0x000000000000a498      0x8b8 c:/stm32/arm-none-eabi-gcc-6.3.0-170107/bin/../lib/gcc/arm-none-eabi/6.3.0/../../../../arm-none-eabi/lib/armv7-m\libg.a(lib_a-strlen-stub.o)
 .debug_info    0x000000000000ad50      0x92d c:/stm32/arm-none-eabi-gcc-6.3.0-170107/bin/../lib/gcc/arm-none-eabi/6.3.0/../../../../arm-none-eabi/lib/armv7-m\libg.a(lib_a-strncpy.o)
 .debug_info    0x000000000000b67d     0x1de8 c:/stm32/arm-none-eabi-gcc-6.3.0-170107/bin/../lib/gcc/arm-none-eabi/6.3.0/../../../../arm-none-eabi/lib/armv7-m\libg.a(lib_a-svfprintf.o)
 .debug_info    0x000000000000d465     0x1874 c:/stm32/arm-none-eabi-gcc-6.3.0-170107/bin/../lib/gcc/arm-none-eabi/6.3.0/../../../../arm-none-eabi/lib/armv7-m\libg.a(lib_a-dtoa.o)
 .debug_info    0x000000000000ecd9      0xcaf c:/stm32/arm-none-eabi-gcc-6.3.0-170107/bin/../lib/gcc/arm-none-eabi/6.3.0/../../../../arm-none-eabi/lib/armv7-m\libg.a(lib_a-freer.o)
 .debug_info    0x000000000000f988      0x8a7 c:/stm32/arm-none-eabi-gcc-6.3.0-170107/bin/../lib/gcc/arm-none-eabi/6.3.0/../../../../arm-none-eabi/lib/armv7-m\libg.a(lib_a-impure.o)
 .debug_info    0x000000000001022f      0xe7e c:/stm32/arm-none-eabi-gcc-6.3.0-170107/bin/../lib/gcc/arm-none-eabi/6.3.0/../../../../arm-none-eabi/lib/armv7-m\libg.a(lib_a-localeconv.o)
 .debug_info    0x00000000000110ad     0x1019 c:/stm32/arm-none-eabi-gcc-6.3.0-170107/bin/../lib/gcc/arm-none-eabi/6.3.0/../../../../arm-none-eabi/lib/armv7-m\libg.a(lib_a-locale.o)
 .debug_info    0x00000000000120c6      0x924 c:/stm32/arm-none-eabi-gcc-6.3.0-170107/bin/../lib/gcc/arm-none-eabi/6.3.0/../../../../arm-none-eabi/lib/armv7-m\libg.a(lib_a-malloc.o)
 .debug_info    0x00000000000129ea      0xde3 c:/stm32/arm-none-eabi-gcc-6.3.0-170107/bin/../lib/gcc/arm-none-eabi/6.3.0/../../../../arm-none-eabi/lib/armv7-m\libg.a(lib_a-mallocr.o)
 .debug_info    0x00000000000137cd      0xf3a c:/stm32/arm-none-eabi-gcc-6.3.0-170107/bin/../lib/gcc/arm-none-eabi/6.3.0/../../../../arm-none-eabi/lib/armv7-m\libg.a(lib_a-mbtowc_r.o)
 .debug_info    0x0000000000014707      0x937 c:/stm32/arm-none-eabi-gcc-6.3.0-170107/bin/../lib/gcc/arm-none-eabi/6.3.0/../../../../arm-none-eabi/lib/armv7-m\libg.a(lib_a-memchr-stub.o)
 .debug_info    0x000000000001503e      0x8da c:/stm32/arm-none-eabi-gcc-6.3.0-170107/bin/../lib/gcc/arm-none-eabi/6.3.0/../../../../arm-none-eabi/lib/armv7-m\libg.a(lib_a-mlock.o)
 .debug_info    0x0000000000015918     0x1cdd c:/stm32/arm-none-eabi-gcc-6.3.0-170107/bin/../lib/gcc/arm-none-eabi/6.3.0/../../../../arm-none-eabi/lib/armv7-m\libg.a(lib_a-mprec.o)
 .debug_info    0x00000000000175f5      0x9f2 c:/stm32/arm-none-eabi-gcc-6.3.0-170107/bin/../lib/gcc/arm-none-eabi/6.3.0/../../../../arm-none-eabi/lib/armv7-m\libg.a(lib_a-s_frexp.o)
 .debug_info    0x0000000000017fe7       0xf6 c:/stm32/arm-none-eabi-gcc-6.3.0-170107/bin/../lib/gcc/arm-none-eabi/6.3.0/../../../../arm-none-eabi/lib/armv7-m\libg.a(lib_a-strcmp.o)
 .debug_info    0x00000000000180dd     0x18a8 c:/stm32/arm-none-eabi-gcc-6.3.0-170107/bin/../lib/gcc/arm-none-eabi/6.3.0/../../../../arm-none-eabi/lib/armv7-m\libg.a(lib_a-svfiprintf.o)
 .debug_info    0x0000000000019985      0xf06 c:/stm32/arm-none-eabi-gcc-6.3.0-170107/bin/../lib/gcc/arm-none-eabi/6.3.0/../../../../arm-none-eabi/lib/armv7-m\libg.a(lib_a-wctomb_r.o)
 .debug_info    0x000000000001a88b      0xb5f c:/stm32/arm-none-eabi-gcc-6.3.0-170107/bin/../lib/gcc/arm-none-eabi/6.3.0/../../../../arm-none-eabi/lib/armv7-m\libg.a(lib_a-callocr.o)
 .debug_info    0x000000000001b3ea      0xdb8 c:/stm32/arm-none-eabi-gcc-6.3.0-170107/bin/../lib/gcc/arm-none-eabi/6.3.0/../../../../arm-none-eabi/lib/armv7-m\libg.a(lib_a-ctype_.o)
 .debug_info    0x000000000001c1a2      0xe33 c:/stm32/arm-none-eabi-gcc-6.3.0-170107/bin/../lib/gcc/arm-none-eabi/6.3.0/../../../../arm-none-eabi/lib/armv7-m\libg.a(lib_a-memmove.o)
 .debug_info    0x000000000001cfd5      0xdc5 c:/stm32/arm-none-eabi-gcc-6.3.0-170107/bin/../lib/gcc/arm-none-eabi/6.3.0/../../../../arm-none-eabi/lib/armv7-m\libg.a(lib_a-reallocr.o)
 .debug_info    0x000000000001dd9a       0xdc c:/stm32/arm-none-eabi-gcc-6.3.0-170107/bin/../lib/gcc/arm-none-eabi/6.3.0/armv7-m\libgcc.a(_arm_addsubdf3.o)
 .debug_info    0x000000000001de76       0xdc c:/stm32/arm-none-eabi-gcc-6.3.0-170107/bin/../lib/gcc/arm-none-eabi/6.3.0/armv7-m\libgcc.a(_arm_muldivdf3.o)
 .debug_info    0x000000000001df52       0xdc c:/stm32/arm-none-eabi-gcc-6.3.0-170107/bin/../lib/gcc/arm-none-eabi/6.3.0/armv7-m\libgcc.a(_arm_cmpdf2.o)
 .debug_info    0x000000000001e02e       0xdc c:/stm32/arm-none-eabi-gcc-6.3.0-170107/bin/../lib/gcc/arm-none-eabi/6.3.0/armv7-m\libgcc.a(_arm_unorddf2.o)
 .debug_info    0x000000000001e10a       0xdc c:/stm32/arm-none-eabi-gcc-6.3.0-170107/bin/../lib/gcc/arm-none-eabi/6.3.0/armv7-m\libgcc.a(_arm_fixdfsi.o)
 .debug_info    0x000000000001e1e6       0xd7 c:/stm32/arm-none-eabi-gcc-6.3.0-170107/bin/../lib/gcc/arm-none-eabi/6.3.0/armv7-m\libgcc.a(_aeabi_uldivmod.o)
 .debug_info    0x000000000001e2bd      0xc00 c:/stm32/arm-none-eabi-gcc-6.3.0-170107/bin/../lib/gcc/arm-none-eabi/6.3.0/armv7-m\libgcc.a(_udivmoddi4.o)
 .debug_info    0x000000000001eebd       0xdb c:/stm32/arm-none-eabi-gcc-6.3.0-170107/bin/../lib/gcc/arm-none-eabi/6.3.0/armv7-m\libgcc.a(_dvmd_tls.o)

.debug_abbrev   0x0000000000000000     0x4c2b
 *(.debug_abbrev)
 .debug_abbrev  0x0000000000000000       0x14 out/startup.o
 .debug_abbrev  0x0000000000000014      0x1d1 out/main.o
 .debug_abbrev  0x00000000000001e5       0xf2 out/gpio.o
 .debug_abbrev  0x00000000000002d7       0x83 out/vectors.o
 .debug_abbrev  0x000000000000035a      0x240 out/syscalls.o
 .debug_abbrev  0x000000000000059a      0x2fc out/tasks.o
 .debug_abbrev  0x0000000000000896      0x1b3 out/list.o
 .debug_abbrev  0x0000000000000a49      0x199 out/croutine.o
 .debug_abbrev  0x0000000000000be2      0x242 out/queue.o
 .debug_abbrev  0x0000000000000e24      0x133 out/port.o
 .debug_abbrev  0x0000000000000f57      0x240 out/heap_2.o
 .debug_abbrev  0x0000000000001197      0x112 out/mainTask1.o
 .debug_abbrev  0x00000000000012a9      0x185 c:/stm32/arm-none-eabi-gcc-6.3.0-170107/bin/../lib/gcc/arm-none-eabi/6.3.0/../../../../arm-none-eabi/lib/armv7-m\libg.a(lib_a-memcmp.o)
 .debug_abbrev  0x000000000000142e       0x14 c:/stm32/arm-none-eabi-gcc-6.3.0-170107/bin/../lib/gcc/arm-none-eabi/6.3.0/../../../../arm-none-eabi/lib/armv7-m\libg.a(lib_a-memcpy.o)
 .debug_abbrev  0x0000000000001442      0x1a8 c:/stm32/arm-none-eabi-gcc-6.3.0-170107/bin/../lib/gcc/arm-none-eabi/6.3.0/../../../../arm-none-eabi/lib/armv7-m\libg.a(lib_a-memset.o)
 .debug_abbrev  0x00000000000015ea      0x22f c:/stm32/arm-none-eabi-gcc-6.3.0-170107/bin/../lib/gcc/arm-none-eabi/6.3.0/../../../../arm-none-eabi/lib/armv7-m\libg.a(lib_a-reent.o)
 .debug_abbrev  0x0000000000001819      0x220 c:/stm32/arm-none-eabi-gcc-6.3.0-170107/bin/../lib/gcc/arm-none-eabi/6.3.0/../../../../arm-none-eabi/lib/armv7-m\libg.a(lib_a-sprintf.o)
 .debug_abbrev  0x0000000000001a39      0x1bd c:/stm32/arm-none-eabi-gcc-6.3.0-170107/bin/../lib/gcc/arm-none-eabi/6.3.0/../../../../arm-none-eabi/lib/armv7-m\libg.a(lib_a-strcat.o)
 .debug_abbrev  0x0000000000001bf6      0x17e c:/stm32/arm-none-eabi-gcc-6.3.0-170107/bin/../lib/gcc/arm-none-eabi/6.3.0/../../../../arm-none-eabi/lib/armv7-m\libg.a(lib_a-strcpy.o)
 .debug_abbrev  0x0000000000001d74      0x16f c:/stm32/arm-none-eabi-gcc-6.3.0-170107/bin/../lib/gcc/arm-none-eabi/6.3.0/../../../../arm-none-eabi/lib/armv7-m\libg.a(lib_a-strlen-stub.o)
 .debug_abbrev  0x0000000000001ee3      0x1b4 c:/stm32/arm-none-eabi-gcc-6.3.0-170107/bin/../lib/gcc/arm-none-eabi/6.3.0/../../../../arm-none-eabi/lib/armv7-m\libg.a(lib_a-strncpy.o)
 .debug_abbrev  0x0000000000002097      0x363 c:/stm32/arm-none-eabi-gcc-6.3.0-170107/bin/../lib/gcc/arm-none-eabi/6.3.0/../../../../arm-none-eabi/lib/armv7-m\libg.a(lib_a-svfprintf.o)
 .debug_abbrev  0x00000000000023fa      0x2b0 c:/stm32/arm-none-eabi-gcc-6.3.0-170107/bin/../lib/gcc/arm-none-eabi/6.3.0/../../../../arm-none-eabi/lib/armv7-m\libg.a(lib_a-dtoa.o)
 .debug_abbrev  0x00000000000026aa      0x23e c:/stm32/arm-none-eabi-gcc-6.3.0-170107/bin/../lib/gcc/arm-none-eabi/6.3.0/../../../../arm-none-eabi/lib/armv7-m\libg.a(lib_a-freer.o)
 .debug_abbrev  0x00000000000028e8      0x15a c:/stm32/arm-none-eabi-gcc-6.3.0-170107/bin/../lib/gcc/arm-none-eabi/6.3.0/../../../../arm-none-eabi/lib/armv7-m\libg.a(lib_a-impure.o)
 .debug_abbrev  0x0000000000002a42      0x1fd c:/stm32/arm-none-eabi-gcc-6.3.0-170107/bin/../lib/gcc/arm-none-eabi/6.3.0/../../../../arm-none-eabi/lib/armv7-m\libg.a(lib_a-localeconv.o)
 .debug_abbrev  0x0000000000002c3f      0x269 c:/stm32/arm-none-eabi-gcc-6.3.0-170107/bin/../lib/gcc/arm-none-eabi/6.3.0/../../../../arm-none-eabi/lib/armv7-m\libg.a(lib_a-locale.o)
 .debug_abbrev  0x0000000000002ea8      0x1c7 c:/stm32/arm-none-eabi-gcc-6.3.0-170107/bin/../lib/gcc/arm-none-eabi/6.3.0/../../../../arm-none-eabi/lib/armv7-m\libg.a(lib_a-malloc.o)
 .debug_abbrev  0x000000000000306f      0x288 c:/stm32/arm-none-eabi-gcc-6.3.0-170107/bin/../lib/gcc/arm-none-eabi/6.3.0/../../../../arm-none-eabi/lib/armv7-m\libg.a(lib_a-mallocr.o)
 .debug_abbrev  0x00000000000032f7      0x1fb c:/stm32/arm-none-eabi-gcc-6.3.0-170107/bin/../lib/gcc/arm-none-eabi/6.3.0/../../../../arm-none-eabi/lib/armv7-m\libg.a(lib_a-mbtowc_r.o)
 .debug_abbrev  0x00000000000034f2      0x1a3 c:/stm32/arm-none-eabi-gcc-6.3.0-170107/bin/../lib/gcc/arm-none-eabi/6.3.0/../../../../arm-none-eabi/lib/armv7-m\libg.a(lib_a-memchr-stub.o)
 .debug_abbrev  0x0000000000003695      0x19b c:/stm32/arm-none-eabi-gcc-6.3.0-170107/bin/../lib/gcc/arm-none-eabi/6.3.0/../../../../arm-none-eabi/lib/armv7-m\libg.a(lib_a-mlock.o)
 .debug_abbrev  0x0000000000003830      0x39d c:/stm32/arm-none-eabi-gcc-6.3.0-170107/bin/../lib/gcc/arm-none-eabi/6.3.0/../../../../arm-none-eabi/lib/armv7-m\libg.a(lib_a-mprec.o)
 .debug_abbrev  0x0000000000003bcd      0x21d c:/stm32/arm-none-eabi-gcc-6.3.0-170107/bin/../lib/gcc/arm-none-eabi/6.3.0/../../../../arm-none-eabi/lib/armv7-m\libg.a(lib_a-s_frexp.o)
 .debug_abbrev  0x0000000000003dea       0x14 c:/stm32/arm-none-eabi-gcc-6.3.0-170107/bin/../lib/gcc/arm-none-eabi/6.3.0/../../../../arm-none-eabi/lib/armv7-m\libg.a(lib_a-strcmp.o)
 .debug_abbrev  0x0000000000003dfe      0x30d c:/stm32/arm-none-eabi-gcc-6.3.0-170107/bin/../lib/gcc/arm-none-eabi/6.3.0/../../../../arm-none-eabi/lib/armv7-m\libg.a(lib_a-svfiprintf.o)
 .debug_abbrev  0x000000000000410b      0x1f4 c:/stm32/arm-none-eabi-gcc-6.3.0-170107/bin/../lib/gcc/arm-none-eabi/6.3.0/../../../../arm-none-eabi/lib/armv7-m\libg.a(lib_a-wctomb_r.o)
 .debug_abbrev  0x00000000000042ff      0x1f0 c:/stm32/arm-none-eabi-gcc-6.3.0-170107/bin/../lib/gcc/arm-none-eabi/6.3.0/../../../../arm-none-eabi/lib/armv7-m\libg.a(lib_a-callocr.o)
 .debug_abbrev  0x00000000000044ef      0x15a c:/stm32/arm-none-eabi-gcc-6.3.0-170107/bin/../lib/gcc/arm-none-eabi/6.3.0/../../../../arm-none-eabi/lib/armv7-m\libg.a(lib_a-ctype_.o)
 .debug_abbrev  0x0000000000004649      0x1ad c:/stm32/arm-none-eabi-gcc-6.3.0-170107/bin/../lib/gcc/arm-none-eabi/6.3.0/../../../../arm-none-eabi/lib/armv7-m\libg.a(lib_a-memmove.o)
 .debug_abbrev  0x00000000000047f6      0x21d c:/stm32/arm-none-eabi-gcc-6.3.0-170107/bin/../lib/gcc/arm-none-eabi/6.3.0/../../../../arm-none-eabi/lib/armv7-m\libg.a(lib_a-reallocr.o)
 .debug_abbrev  0x0000000000004a13       0x14 c:/stm32/arm-none-eabi-gcc-6.3.0-170107/bin/../lib/gcc/arm-none-eabi/6.3.0/armv7-m\libgcc.a(_arm_addsubdf3.o)
 .debug_abbrev  0x0000000000004a27       0x14 c:/stm32/arm-none-eabi-gcc-6.3.0-170107/bin/../lib/gcc/arm-none-eabi/6.3.0/armv7-m\libgcc.a(_arm_muldivdf3.o)
 .debug_abbrev  0x0000000000004a3b       0x14 c:/stm32/arm-none-eabi-gcc-6.3.0-170107/bin/../lib/gcc/arm-none-eabi/6.3.0/armv7-m\libgcc.a(_arm_cmpdf2.o)
 .debug_abbrev  0x0000000000004a4f       0x14 c:/stm32/arm-none-eabi-gcc-6.3.0-170107/bin/../lib/gcc/arm-none-eabi/6.3.0/armv7-m\libgcc.a(_arm_unorddf2.o)
 .debug_abbrev  0x0000000000004a63       0x14 c:/stm32/arm-none-eabi-gcc-6.3.0-170107/bin/../lib/gcc/arm-none-eabi/6.3.0/armv7-m\libgcc.a(_arm_fixdfsi.o)
 .debug_abbrev  0x0000000000004a77       0x14 c:/stm32/arm-none-eabi-gcc-6.3.0-170107/bin/../lib/gcc/arm-none-eabi/6.3.0/armv7-m\libgcc.a(_aeabi_uldivmod.o)
 .debug_abbrev  0x0000000000004a8b      0x18c c:/stm32/arm-none-eabi-gcc-6.3.0-170107/bin/../lib/gcc/arm-none-eabi/6.3.0/armv7-m\libgcc.a(_udivmoddi4.o)
 .debug_abbrev  0x0000000000004c17       0x14 c:/stm32/arm-none-eabi-gcc-6.3.0-170107/bin/../lib/gcc/arm-none-eabi/6.3.0/armv7-m\libgcc.a(_dvmd_tls.o)

.debug_line     0x0000000000000000     0x88ed
 *(.debug_line)
 .debug_line    0x0000000000000000       0x76 out/startup.o
 .debug_line    0x0000000000000076      0x436 out/main.o
 .debug_line    0x00000000000004ac      0x216 out/gpio.o
 .debug_line    0x00000000000006c2       0x44 out/vectors.o
 .debug_line    0x0000000000000706      0x423 out/syscalls.o
 .debug_line    0x0000000000000b29      0xa81 out/tasks.o
 .debug_line    0x00000000000015aa      0x349 out/list.o
 .debug_line    0x00000000000018f3      0x2ce out/croutine.o
 .debug_line    0x0000000000001bc1      0x551 out/queue.o
 .debug_line    0x0000000000002112      0x219 out/port.o
 .debug_line    0x000000000000232b      0x386 out/heap_2.o
 .debug_line    0x00000000000026b1      0x2f3 out/mainTask1.o
 .debug_line    0x00000000000029a4      0x1db c:/stm32/arm-none-eabi-gcc-6.3.0-170107/bin/../lib/gcc/arm-none-eabi/6.3.0/../../../../arm-none-eabi/lib/armv7-m\libg.a(lib_a-memcmp.o)
 .debug_line    0x0000000000002b7f       0xe1 c:/stm32/arm-none-eabi-gcc-6.3.0-170107/bin/../lib/gcc/arm-none-eabi/6.3.0/../../../../arm-none-eabi/lib/armv7-m\libg.a(lib_a-memcpy.o)
 .debug_line    0x0000000000002c60      0x27e c:/stm32/arm-none-eabi-gcc-6.3.0-170107/bin/../lib/gcc/arm-none-eabi/6.3.0/../../../../arm-none-eabi/lib/armv7-m\libg.a(lib_a-memset.o)
 .debug_line    0x0000000000002ede      0x1ff c:/stm32/arm-none-eabi-gcc-6.3.0-170107/bin/../lib/gcc/arm-none-eabi/6.3.0/../../../../arm-none-eabi/lib/armv7-m\libg.a(lib_a-reent.o)
 .debug_line    0x00000000000030dd      0x22b c:/stm32/arm-none-eabi-gcc-6.3.0-170107/bin/../lib/gcc/arm-none-eabi/6.3.0/../../../../arm-none-eabi/lib/armv7-m\libg.a(lib_a-sprintf.o)
 .debug_line    0x0000000000003308      0x1cb c:/stm32/arm-none-eabi-gcc-6.3.0-170107/bin/../lib/gcc/arm-none-eabi/6.3.0/../../../../arm-none-eabi/lib/armv7-m\libg.a(lib_a-strcat.o)
 .debug_line    0x00000000000034d3      0x1bf c:/stm32/arm-none-eabi-gcc-6.3.0-170107/bin/../lib/gcc/arm-none-eabi/6.3.0/../../../../arm-none-eabi/lib/armv7-m\libg.a(lib_a-strcpy.o)
 .debug_line    0x0000000000003692      0x1c4 c:/stm32/arm-none-eabi-gcc-6.3.0-170107/bin/../lib/gcc/arm-none-eabi/6.3.0/../../../../arm-none-eabi/lib/armv7-m\libg.a(lib_a-strlen-stub.o)
 .debug_line    0x0000000000003856      0x1dc c:/stm32/arm-none-eabi-gcc-6.3.0-170107/bin/../lib/gcc/arm-none-eabi/6.3.0/../../../../arm-none-eabi/lib/armv7-m\libg.a(lib_a-strncpy.o)
 .debug_line    0x0000000000003a32      0xa3b c:/stm32/arm-none-eabi-gcc-6.3.0-170107/bin/../lib/gcc/arm-none-eabi/6.3.0/../../../../arm-none-eabi/lib/armv7-m\libg.a(lib_a-svfprintf.o)
 .debug_line    0x000000000000446d      0x7b5 c:/stm32/arm-none-eabi-gcc-6.3.0-170107/bin/../lib/gcc/arm-none-eabi/6.3.0/../../../../arm-none-eabi/lib/armv7-m\libg.a(lib_a-dtoa.o)
 .debug_line    0x0000000000004c22      0x2ea c:/stm32/arm-none-eabi-gcc-6.3.0-170107/bin/../lib/gcc/arm-none-eabi/6.3.0/../../../../arm-none-eabi/lib/armv7-m\libg.a(lib_a-freer.o)
 .debug_line    0x0000000000004f0c      0x14e c:/stm32/arm-none-eabi-gcc-6.3.0-170107/bin/../lib/gcc/arm-none-eabi/6.3.0/../../../../arm-none-eabi/lib/armv7-m\libg.a(lib_a-impure.o)
 .debug_line    0x000000000000505a      0x21b c:/stm32/arm-none-eabi-gcc-6.3.0-170107/bin/../lib/gcc/arm-none-eabi/6.3.0/../../../../arm-none-eabi/lib/armv7-m\libg.a(lib_a-localeconv.o)
 .debug_line    0x0000000000005275      0x2d6 c:/stm32/arm-none-eabi-gcc-6.3.0-170107/bin/../lib/gcc/arm-none-eabi/6.3.0/../../../../arm-none-eabi/lib/armv7-m\libg.a(lib_a-locale.o)
 .debug_line    0x000000000000554b      0x1d8 c:/stm32/arm-none-eabi-gcc-6.3.0-170107/bin/../lib/gcc/arm-none-eabi/6.3.0/../../../../arm-none-eabi/lib/armv7-m\libg.a(lib_a-malloc.o)
 .debug_line    0x0000000000005723      0x40d c:/stm32/arm-none-eabi-gcc-6.3.0-170107/bin/../lib/gcc/arm-none-eabi/6.3.0/../../../../arm-none-eabi/lib/armv7-m\libg.a(lib_a-mallocr.o)
 .debug_line    0x0000000000005b30      0x27f c:/stm32/arm-none-eabi-gcc-6.3.0-170107/bin/../lib/gcc/arm-none-eabi/6.3.0/../../../../arm-none-eabi/lib/armv7-m\libg.a(lib_a-mbtowc_r.o)
 .debug_line    0x0000000000005daf      0x1f8 c:/stm32/arm-none-eabi-gcc-6.3.0-170107/bin/../lib/gcc/arm-none-eabi/6.3.0/../../../../arm-none-eabi/lib/armv7-m\libg.a(lib_a-memchr-stub.o)
 .debug_line    0x0000000000005fa7      0x15d c:/stm32/arm-none-eabi-gcc-6.3.0-170107/bin/../lib/gcc/arm-none-eabi/6.3.0/../../../../arm-none-eabi/lib/armv7-m\libg.a(lib_a-mlock.o)
 .debug_line    0x0000000000006104      0x7c7 c:/stm32/arm-none-eabi-gcc-6.3.0-170107/bin/../lib/gcc/arm-none-eabi/6.3.0/../../../../arm-none-eabi/lib/armv7-m\libg.a(lib_a-mprec.o)
 .debug_line    0x00000000000068cb      0x2a2 c:/stm32/arm-none-eabi-gcc-6.3.0-170107/bin/../lib/gcc/arm-none-eabi/6.3.0/../../../../arm-none-eabi/lib/armv7-m\libg.a(lib_a-s_frexp.o)
 .debug_line    0x0000000000006b6d      0x126 c:/stm32/arm-none-eabi-gcc-6.3.0-170107/bin/../lib/gcc/arm-none-eabi/6.3.0/../../../../arm-none-eabi/lib/armv7-m\libg.a(lib_a-strcmp.o)
 .debug_line    0x0000000000006c93      0x7c2 c:/stm32/arm-none-eabi-gcc-6.3.0-170107/bin/../lib/gcc/arm-none-eabi/6.3.0/../../../../arm-none-eabi/lib/armv7-m\libg.a(lib_a-svfiprintf.o)
 .debug_line    0x0000000000007455      0x277 c:/stm32/arm-none-eabi-gcc-6.3.0-170107/bin/../lib/gcc/arm-none-eabi/6.3.0/../../../../arm-none-eabi/lib/armv7-m\libg.a(lib_a-wctomb_r.o)
 .debug_line    0x00000000000076cc      0x1a3 c:/stm32/arm-none-eabi-gcc-6.3.0-170107/bin/../lib/gcc/arm-none-eabi/6.3.0/../../../../arm-none-eabi/lib/armv7-m\libg.a(lib_a-callocr.o)
 .debug_line    0x000000000000786f      0x1d8 c:/stm32/arm-none-eabi-gcc-6.3.0-170107/bin/../lib/gcc/arm-none-eabi/6.3.0/../../../../arm-none-eabi/lib/armv7-m\libg.a(lib_a-ctype_.o)
 .debug_line    0x0000000000007a47      0x28d c:/stm32/arm-none-eabi-gcc-6.3.0-170107/bin/../lib/gcc/arm-none-eabi/6.3.0/../../../../arm-none-eabi/lib/armv7-m\libg.a(lib_a-memmove.o)
 .debug_line    0x0000000000007cd4      0x2db c:/stm32/arm-none-eabi-gcc-6.3.0-170107/bin/../lib/gcc/arm-none-eabi/6.3.0/../../../../arm-none-eabi/lib/armv7-m\libg.a(lib_a-reallocr.o)
 .debug_line    0x0000000000007faf      0x1a8 c:/stm32/arm-none-eabi-gcc-6.3.0-170107/bin/../lib/gcc/arm-none-eabi/6.3.0/armv7-m\libgcc.a(_arm_addsubdf3.o)
 .debug_line    0x0000000000008157      0x1c4 c:/stm32/arm-none-eabi-gcc-6.3.0-170107/bin/../lib/gcc/arm-none-eabi/6.3.0/armv7-m\libgcc.a(_arm_muldivdf3.o)
 .debug_line    0x000000000000831b       0xe3 c:/stm32/arm-none-eabi-gcc-6.3.0-170107/bin/../lib/gcc/arm-none-eabi/6.3.0/armv7-m\libgcc.a(_arm_cmpdf2.o)
 .debug_line    0x00000000000083fe       0x94 c:/stm32/arm-none-eabi-gcc-6.3.0-170107/bin/../lib/gcc/arm-none-eabi/6.3.0/armv7-m\libgcc.a(_arm_unorddf2.o)
 .debug_line    0x0000000000008492       0x9f c:/stm32/arm-none-eabi-gcc-6.3.0-170107/bin/../lib/gcc/arm-none-eabi/6.3.0/armv7-m\libgcc.a(_arm_fixdfsi.o)
 .debug_line    0x0000000000008531       0x86 c:/stm32/arm-none-eabi-gcc-6.3.0-170107/bin/../lib/gcc/arm-none-eabi/6.3.0/armv7-m\libgcc.a(_aeabi_uldivmod.o)
 .debug_line    0x00000000000085b7      0x2b0 c:/stm32/arm-none-eabi-gcc-6.3.0-170107/bin/../lib/gcc/arm-none-eabi/6.3.0/armv7-m\libgcc.a(_udivmoddi4.o)
 .debug_line    0x0000000000008867       0x86 c:/stm32/arm-none-eabi-gcc-6.3.0-170107/bin/../lib/gcc/arm-none-eabi/6.3.0/armv7-m\libgcc.a(_dvmd_tls.o)

.debug_frame    0x0000000000000000     0x1d34
 *(.debug_frame)
 .debug_frame   0x0000000000000000       0x50 out/main.o
 .debug_frame   0x0000000000000050       0x5c out/gpio.o
 .debug_frame   0x00000000000000ac       0x30 out/vectors.o
 .debug_frame   0x00000000000000dc      0x2d4 out/syscalls.o
 .debug_frame   0x00000000000003b0      0x664 out/tasks.o
 .debug_frame   0x0000000000000a14       0xd8 out/list.o
 .debug_frame   0x0000000000000aec      0x128 out/croutine.o
 .debug_frame   0x0000000000000c14      0x2e0 out/queue.o
 .debug_frame   0x0000000000000ef4      0x160 out/port.o
 .debug_frame   0x0000000000001054       0xa8 out/heap_2.o
 .debug_frame   0x00000000000010fc       0x50 out/mainTask1.o
 .debug_frame   0x000000000000114c       0x3c c:/stm32/arm-none-eabi-gcc-6.3.0-170107/bin/../lib/gcc/arm-none-eabi/6.3.0/../../../../arm-none-eabi/lib/armv7-m\libg.a(lib_a-memcmp.o)
 .debug_frame   0x0000000000001188       0x34 c:/stm32/arm-none-eabi-gcc-6.3.0-170107/bin/../lib/gcc/arm-none-eabi/6.3.0/../../../../arm-none-eabi/lib/armv7-m\libg.a(lib_a-memset.o)
 .debug_frame   0x00000000000011bc       0x64 c:/stm32/arm-none-eabi-gcc-6.3.0-170107/bin/../lib/gcc/arm-none-eabi/6.3.0/../../../../arm-none-eabi/lib/armv7-m\libg.a(lib_a-reent.o)
 .debug_frame   0x0000000000001220       0x84 c:/stm32/arm-none-eabi-gcc-6.3.0-170107/bin/../lib/gcc/arm-none-eabi/6.3.0/../../../../arm-none-eabi/lib/armv7-m\libg.a(lib_a-sprintf.o)
 .debug_frame   0x00000000000012a4       0x28 c:/stm32/arm-none-eabi-gcc-6.3.0-170107/bin/../lib/gcc/arm-none-eabi/6.3.0/../../../../arm-none-eabi/lib/armv7-m\libg.a(lib_a-strcat.o)
 .debug_frame   0x00000000000012cc       0x20 c:/stm32/arm-none-eabi-gcc-6.3.0-170107/bin/../lib/gcc/arm-none-eabi/6.3.0/../../../../arm-none-eabi/lib/armv7-m\libg.a(lib_a-strcpy.o)
 .debug_frame   0x00000000000012ec       0x20 c:/stm32/arm-none-eabi-gcc-6.3.0-170107/bin/../lib/gcc/arm-none-eabi/6.3.0/../../../../arm-none-eabi/lib/armv7-m\libg.a(lib_a-strlen-stub.o)
 .debug_frame   0x000000000000130c       0x34 c:/stm32/arm-none-eabi-gcc-6.3.0-170107/bin/../lib/gcc/arm-none-eabi/6.3.0/../../../../arm-none-eabi/lib/armv7-m\libg.a(lib_a-strncpy.o)
 .debug_frame   0x0000000000001340       0x44 c:/stm32/arm-none-eabi-gcc-6.3.0-170107/bin/../lib/gcc/arm-none-eabi/6.3.0/../../../../arm-none-eabi/lib/armv7-m\libg.a(lib_a-svfprintf.o)
 .debug_frame   0x0000000000001384       0x84 c:/stm32/arm-none-eabi-gcc-6.3.0-170107/bin/../lib/gcc/arm-none-eabi/6.3.0/../../../../arm-none-eabi/lib/armv7-m\libg.a(lib_a-dtoa.o)
 .debug_frame   0x0000000000001408       0x74 c:/stm32/arm-none-eabi-gcc-6.3.0-170107/bin/../lib/gcc/arm-none-eabi/6.3.0/../../../../arm-none-eabi/lib/armv7-m\libg.a(lib_a-freer.o)
 .debug_frame   0x000000000000147c       0x40 c:/stm32/arm-none-eabi-gcc-6.3.0-170107/bin/../lib/gcc/arm-none-eabi/6.3.0/../../../../arm-none-eabi/lib/armv7-m\libg.a(lib_a-localeconv.o)
 .debug_frame   0x00000000000014bc       0x6c c:/stm32/arm-none-eabi-gcc-6.3.0-170107/bin/../lib/gcc/arm-none-eabi/6.3.0/../../../../arm-none-eabi/lib/armv7-m\libg.a(lib_a-locale.o)
 .debug_frame   0x0000000000001528       0x30 c:/stm32/arm-none-eabi-gcc-6.3.0-170107/bin/../lib/gcc/arm-none-eabi/6.3.0/../../../../arm-none-eabi/lib/armv7-m\libg.a(lib_a-malloc.o)
 .debug_frame   0x0000000000001558       0x54 c:/stm32/arm-none-eabi-gcc-6.3.0-170107/bin/../lib/gcc/arm-none-eabi/6.3.0/../../../../arm-none-eabi/lib/armv7-m\libg.a(lib_a-mallocr.o)
 .debug_frame   0x00000000000015ac       0x4c c:/stm32/arm-none-eabi-gcc-6.3.0-170107/bin/../lib/gcc/arm-none-eabi/6.3.0/../../../../arm-none-eabi/lib/armv7-m\libg.a(lib_a-mbtowc_r.o)
 .debug_frame   0x00000000000015f8       0x34 c:/stm32/arm-none-eabi-gcc-6.3.0-170107/bin/../lib/gcc/arm-none-eabi/6.3.0/../../../../arm-none-eabi/lib/armv7-m\libg.a(lib_a-memchr-stub.o)
 .debug_frame   0x000000000000162c       0x30 c:/stm32/arm-none-eabi-gcc-6.3.0-170107/bin/../lib/gcc/arm-none-eabi/6.3.0/../../../../arm-none-eabi/lib/armv7-m\libg.a(lib_a-mlock.o)
 .debug_frame   0x000000000000165c      0x27c c:/stm32/arm-none-eabi-gcc-6.3.0-170107/bin/../lib/gcc/arm-none-eabi/6.3.0/../../../../arm-none-eabi/lib/armv7-m\libg.a(lib_a-mprec.o)
 .debug_frame   0x00000000000018d8       0x30 c:/stm32/arm-none-eabi-gcc-6.3.0-170107/bin/../lib/gcc/arm-none-eabi/6.3.0/../../../../arm-none-eabi/lib/armv7-m\libg.a(lib_a-s_frexp.o)
 .debug_frame   0x0000000000001908       0x34 c:/stm32/arm-none-eabi-gcc-6.3.0-170107/bin/../lib/gcc/arm-none-eabi/6.3.0/../../../../arm-none-eabi/lib/armv7-m\libg.a(lib_a-strcmp.o)
 .debug_frame   0x000000000000193c       0x98 c:/stm32/arm-none-eabi-gcc-6.3.0-170107/bin/../lib/gcc/arm-none-eabi/6.3.0/../../../../arm-none-eabi/lib/armv7-m\libg.a(lib_a-svfiprintf.o)
 .debug_frame   0x00000000000019d4       0x3c c:/stm32/arm-none-eabi-gcc-6.3.0-170107/bin/../lib/gcc/arm-none-eabi/6.3.0/../../../../arm-none-eabi/lib/armv7-m\libg.a(lib_a-wctomb_r.o)
 .debug_frame   0x0000000000001a10       0x28 c:/stm32/arm-none-eabi-gcc-6.3.0-170107/bin/../lib/gcc/arm-none-eabi/6.3.0/../../../../arm-none-eabi/lib/armv7-m\libg.a(lib_a-callocr.o)
 .debug_frame   0x0000000000001a38       0x30 c:/stm32/arm-none-eabi-gcc-6.3.0-170107/bin/../lib/gcc/arm-none-eabi/6.3.0/../../../../arm-none-eabi/lib/armv7-m\libg.a(lib_a-memmove.o)
 .debug_frame   0x0000000000001a68       0x68 c:/stm32/arm-none-eabi-gcc-6.3.0-170107/bin/../lib/gcc/arm-none-eabi/6.3.0/../../../../arm-none-eabi/lib/armv7-m\libg.a(lib_a-reallocr.o)
 .debug_frame   0x0000000000001ad0       0xac c:/stm32/arm-none-eabi-gcc-6.3.0-170107/bin/../lib/gcc/arm-none-eabi/6.3.0/armv7-m\libgcc.a(_arm_addsubdf3.o)
 .debug_frame   0x0000000000001b7c       0x50 c:/stm32/arm-none-eabi-gcc-6.3.0-170107/bin/../lib/gcc/arm-none-eabi/6.3.0/armv7-m\libgcc.a(_arm_muldivdf3.o)
 .debug_frame   0x0000000000001bcc       0xc4 c:/stm32/arm-none-eabi-gcc-6.3.0-170107/bin/../lib/gcc/arm-none-eabi/6.3.0/armv7-m\libgcc.a(_arm_cmpdf2.o)
 .debug_frame   0x0000000000001c90       0x20 c:/stm32/arm-none-eabi-gcc-6.3.0-170107/bin/../lib/gcc/arm-none-eabi/6.3.0/armv7-m\libgcc.a(_arm_unorddf2.o)
 .debug_frame   0x0000000000001cb0       0x24 c:/stm32/arm-none-eabi-gcc-6.3.0-170107/bin/../lib/gcc/arm-none-eabi/6.3.0/armv7-m\libgcc.a(_arm_fixdfsi.o)
 .debug_frame   0x0000000000001cd4       0x2c c:/stm32/arm-none-eabi-gcc-6.3.0-170107/bin/../lib/gcc/arm-none-eabi/6.3.0/armv7-m\libgcc.a(_aeabi_uldivmod.o)
 .debug_frame   0x0000000000001d00       0x34 c:/stm32/arm-none-eabi-gcc-6.3.0-170107/bin/../lib/gcc/arm-none-eabi/6.3.0/armv7-m\libgcc.a(_udivmoddi4.o)

.debug_str      0x0000000000000000    0x3eaad
 *(.debug_str)
 .debug_str     0x0000000000000000    0x38e66 out/main.o
                                      0x39123 (size before relaxing)
 .debug_str     0x0000000000038e66       0x46 out/gpio.o
                                      0x326d1 (size before relaxing)
 .debug_str     0x0000000000038eac       0x3b out/vectors.o
                                       0x2461 (size before relaxing)
 .debug_str     0x0000000000038ee7      0xdd6 out/syscalls.o
                                       0x75fb (size before relaxing)
 .debug_str     0x0000000000039cbd     0x149a out/tasks.o
                                       0x9c38 (size before relaxing)
 .debug_str     0x000000000003b157       0xa3 out/list.o
                                       0x73e1 (size before relaxing)
 .debug_str     0x000000000003b1fa      0x8cc out/croutine.o
                                       0x4a1b (size before relaxing)
 .debug_str     0x000000000003bac6      0x549 out/queue.o
                                       0x822a (size before relaxing)
 .debug_str     0x000000000003c00f      0x341 out/port.o
                                       0x43e4 (size before relaxing)
 .debug_str     0x000000000003c350      0x463 out/heap_2.o
                                       0x7a86 (size before relaxing)
 .debug_str     0x000000000003c7b3       0x31 out/mainTask1.o
                                      0x336d4 (size before relaxing)
 .debug_str     0x000000000003c7e4       0xd2 c:/stm32/arm-none-eabi-gcc-6.3.0-170107/bin/../lib/gcc/arm-none-eabi/6.3.0/../../../../arm-none-eabi/lib/armv7-m\libg.a(lib_a-memcmp.o)
                                        0x593 (size before relaxing)
 .debug_str     0x000000000003c8b6      0x31a c:/stm32/arm-none-eabi-gcc-6.3.0-170107/bin/../lib/gcc/arm-none-eabi/6.3.0/../../../../arm-none-eabi/lib/armv7-m\libg.a(lib_a-memset.o)
                                        0x924 (size before relaxing)
 .debug_str     0x000000000003cbd0       0x89 c:/stm32/arm-none-eabi-gcc-6.3.0-170107/bin/../lib/gcc/arm-none-eabi/6.3.0/../../../../arm-none-eabi/lib/armv7-m\libg.a(lib_a-reent.o)
                                        0x5cc (size before relaxing)
 .debug_str     0x000000000003cc59      0x1fb c:/stm32/arm-none-eabi-gcc-6.3.0-170107/bin/../lib/gcc/arm-none-eabi/6.3.0/../../../../arm-none-eabi/lib/armv7-m\libg.a(lib_a-sprintf.o)
                                        0x772 (size before relaxing)
 .debug_str     0x000000000003ce54       0x70 c:/stm32/arm-none-eabi-gcc-6.3.0-170107/bin/../lib/gcc/arm-none-eabi/6.3.0/../../../../arm-none-eabi/lib/armv7-m\libg.a(lib_a-strcat.o)
                                        0x59e (size before relaxing)
 .debug_str     0x000000000003cec4       0x5c c:/stm32/arm-none-eabi-gcc-6.3.0-170107/bin/../lib/gcc/arm-none-eabi/6.3.0/../../../../arm-none-eabi/lib/armv7-m\libg.a(lib_a-strcpy.o)
                                        0x591 (size before relaxing)
 .debug_str     0x000000000003cf20       0x68 c:/stm32/arm-none-eabi-gcc-6.3.0-170107/bin/../lib/gcc/arm-none-eabi/6.3.0/../../../../arm-none-eabi/lib/armv7-m\libg.a(lib_a-strlen-stub.o)
                                        0x59d (size before relaxing)
 .debug_str     0x000000000003cf88       0x82 c:/stm32/arm-none-eabi-gcc-6.3.0-170107/bin/../lib/gcc/arm-none-eabi/6.3.0/../../../../arm-none-eabi/lib/armv7-m\libg.a(lib_a-strncpy.o)
                                        0x5bd (size before relaxing)
 .debug_str     0x000000000003d00a      0x2b3 c:/stm32/arm-none-eabi-gcc-6.3.0-170107/bin/../lib/gcc/arm-none-eabi/6.3.0/../../../../arm-none-eabi/lib/armv7-m\libg.a(lib_a-svfprintf.o)
                                        0xcda (size before relaxing)
 .debug_str     0x000000000003d2bd      0x203 c:/stm32/arm-none-eabi-gcc-6.3.0-170107/bin/../lib/gcc/arm-none-eabi/6.3.0/../../../../arm-none-eabi/lib/armv7-m\libg.a(lib_a-dtoa.o)
                                        0xb04 (size before relaxing)
 .debug_str     0x000000000003d4c0      0x1bc c:/stm32/arm-none-eabi-gcc-6.3.0-170107/bin/../lib/gcc/arm-none-eabi/6.3.0/../../../../arm-none-eabi/lib/armv7-m\libg.a(lib_a-freer.o)
                                        0x7d8 (size before relaxing)
 .debug_str     0x000000000003d67c       0x62 c:/stm32/arm-none-eabi-gcc-6.3.0-170107/bin/../lib/gcc/arm-none-eabi/6.3.0/../../../../arm-none-eabi/lib/armv7-m\libg.a(lib_a-impure.o)
                                        0x590 (size before relaxing)
 .debug_str     0x000000000003d6de      0x125 c:/stm32/arm-none-eabi-gcc-6.3.0-170107/bin/../lib/gcc/arm-none-eabi/6.3.0/../../../../arm-none-eabi/lib/armv7-m\libg.a(lib_a-localeconv.o)
                                        0x989 (size before relaxing)
 .debug_str     0x000000000003d803       0xce c:/stm32/arm-none-eabi-gcc-6.3.0-170107/bin/../lib/gcc/arm-none-eabi/6.3.0/../../../../arm-none-eabi/lib/armv7-m\libg.a(lib_a-locale.o)
                                        0x9f1 (size before relaxing)
 .debug_str     0x000000000003d8d1       0x63 c:/stm32/arm-none-eabi-gcc-6.3.0-170107/bin/../lib/gcc/arm-none-eabi/6.3.0/../../../../arm-none-eabi/lib/armv7-m\libg.a(lib_a-malloc.o)
                                        0x5c0 (size before relaxing)
 .debug_str     0x000000000003d934       0xb0 c:/stm32/arm-none-eabi-gcc-6.3.0-170107/bin/../lib/gcc/arm-none-eabi/6.3.0/../../../../arm-none-eabi/lib/armv7-m\libg.a(lib_a-mallocr.o)
                                        0x85f (size before relaxing)
 .debug_str     0x000000000003d9e4       0x78 c:/stm32/arm-none-eabi-gcc-6.3.0-170107/bin/../lib/gcc/arm-none-eabi/6.3.0/../../../../arm-none-eabi/lib/armv7-m\libg.a(lib_a-mbtowc_r.o)
                                        0x9a8 (size before relaxing)
 .debug_str     0x000000000003da5c       0x74 c:/stm32/arm-none-eabi-gcc-6.3.0-170107/bin/../lib/gcc/arm-none-eabi/6.3.0/../../../../arm-none-eabi/lib/armv7-m\libg.a(lib_a-memchr-stub.o)
                                        0x5b7 (size before relaxing)
 .debug_str     0x000000000003dad0       0x6b c:/stm32/arm-none-eabi-gcc-6.3.0-170107/bin/../lib/gcc/arm-none-eabi/6.3.0/../../../../arm-none-eabi/lib/armv7-m\libg.a(lib_a-mlock.o)
                                        0x5b7 (size before relaxing)
 .debug_str     0x000000000003db3b       0xb0 c:/stm32/arm-none-eabi-gcc-6.3.0-170107/bin/../lib/gcc/arm-none-eabi/6.3.0/../../../../arm-none-eabi/lib/armv7-m\libg.a(lib_a-mprec.o)
                                        0xaad (size before relaxing)
 .debug_str     0x000000000003dbeb       0x97 c:/stm32/arm-none-eabi-gcc-6.3.0-170107/bin/../lib/gcc/arm-none-eabi/6.3.0/../../../../arm-none-eabi/lib/armv7-m\libg.a(lib_a-s_frexp.o)
                                        0x644 (size before relaxing)
 .debug_str     0x000000000003dc82       0x78 c:/stm32/arm-none-eabi-gcc-6.3.0-170107/bin/../lib/gcc/arm-none-eabi/6.3.0/../../../../arm-none-eabi/lib/armv7-m\libg.a(lib_a-svfiprintf.o)
                                        0xc99 (size before relaxing)
 .debug_str     0x000000000003dcfa       0x79 c:/stm32/arm-none-eabi-gcc-6.3.0-170107/bin/../lib/gcc/arm-none-eabi/6.3.0/../../../../arm-none-eabi/lib/armv7-m\libg.a(lib_a-wctomb_r.o)
                                        0x9a1 (size before relaxing)
 .debug_str     0x000000000003dd73        0xf c:/stm32/arm-none-eabi-gcc-6.3.0-170107/bin/../lib/gcc/arm-none-eabi/6.3.0/../../../../arm-none-eabi/lib/armv7-m\libg.a(lib_a-callocr.o)
                                        0x783 (size before relaxing)
 .debug_str     0x000000000003dd82       0xbd c:/stm32/arm-none-eabi-gcc-6.3.0-170107/bin/../lib/gcc/arm-none-eabi/6.3.0/../../../../arm-none-eabi/lib/armv7-m\libg.a(lib_a-ctype_.o)
                                        0x90f (size before relaxing)
 .debug_str     0x000000000003de3f       0x61 c:/stm32/arm-none-eabi-gcc-6.3.0-170107/bin/../lib/gcc/arm-none-eabi/6.3.0/../../../../arm-none-eabi/lib/armv7-m\libg.a(lib_a-memmove.o)
                                        0x943 (size before relaxing)
 .debug_str     0x000000000003dea0       0x4e c:/stm32/arm-none-eabi-gcc-6.3.0-170107/bin/../lib/gcc/arm-none-eabi/6.3.0/../../../../arm-none-eabi/lib/armv7-m\libg.a(lib_a-reallocr.o)
                                        0x816 (size before relaxing)
 .debug_str     0x000000000003deee      0xbbf c:/stm32/arm-none-eabi-gcc-6.3.0-170107/bin/../lib/gcc/arm-none-eabi/6.3.0/armv7-m\libgcc.a(_udivmoddi4.o)
                                        0xcad (size before relaxing)

.debug_loc      0x0000000000000000     0xc94e
 *(.debug_loc)
 .debug_loc     0x0000000000000000      0x18a c:/stm32/arm-none-eabi-gcc-6.3.0-170107/bin/../lib/gcc/arm-none-eabi/6.3.0/../../../../arm-none-eabi/lib/armv7-m\libg.a(lib_a-memcmp.o)
 .debug_loc     0x000000000000018a      0x1bd c:/stm32/arm-none-eabi-gcc-6.3.0-170107/bin/../lib/gcc/arm-none-eabi/6.3.0/../../../../arm-none-eabi/lib/armv7-m\libg.a(lib_a-memset.o)
 .debug_loc     0x0000000000000347       0xec c:/stm32/arm-none-eabi-gcc-6.3.0-170107/bin/../lib/gcc/arm-none-eabi/6.3.0/../../../../arm-none-eabi/lib/armv7-m\libg.a(lib_a-reent.o)
 .debug_loc     0x0000000000000433       0x91 c:/stm32/arm-none-eabi-gcc-6.3.0-170107/bin/../lib/gcc/arm-none-eabi/6.3.0/../../../../arm-none-eabi/lib/armv7-m\libg.a(lib_a-sprintf.o)
 .debug_loc     0x00000000000004c4       0x95 c:/stm32/arm-none-eabi-gcc-6.3.0-170107/bin/../lib/gcc/arm-none-eabi/6.3.0/../../../../arm-none-eabi/lib/armv7-m\libg.a(lib_a-strcat.o)
 .debug_loc     0x0000000000000559       0x21 c:/stm32/arm-none-eabi-gcc-6.3.0-170107/bin/../lib/gcc/arm-none-eabi/6.3.0/../../../../arm-none-eabi/lib/armv7-m\libg.a(lib_a-strcpy.o)
 .debug_loc     0x000000000000057a       0x21 c:/stm32/arm-none-eabi-gcc-6.3.0-170107/bin/../lib/gcc/arm-none-eabi/6.3.0/../../../../arm-none-eabi/lib/armv7-m\libg.a(lib_a-strlen-stub.o)
 .debug_loc     0x000000000000059b      0x12a c:/stm32/arm-none-eabi-gcc-6.3.0-170107/bin/../lib/gcc/arm-none-eabi/6.3.0/../../../../arm-none-eabi/lib/armv7-m\libg.a(lib_a-strncpy.o)
 .debug_loc     0x00000000000006c5     0x2d41 c:/stm32/arm-none-eabi-gcc-6.3.0-170107/bin/../lib/gcc/arm-none-eabi/6.3.0/../../../../arm-none-eabi/lib/armv7-m\libg.a(lib_a-svfprintf.o)
 .debug_loc     0x0000000000003406     0x287b c:/stm32/arm-none-eabi-gcc-6.3.0-170107/bin/../lib/gcc/arm-none-eabi/6.3.0/../../../../arm-none-eabi/lib/armv7-m\libg.a(lib_a-dtoa.o)
 .debug_loc     0x0000000000005c81      0x578 c:/stm32/arm-none-eabi-gcc-6.3.0-170107/bin/../lib/gcc/arm-none-eabi/6.3.0/../../../../arm-none-eabi/lib/armv7-m\libg.a(lib_a-freer.o)
 .debug_loc     0x00000000000061f9       0x63 c:/stm32/arm-none-eabi-gcc-6.3.0-170107/bin/../lib/gcc/arm-none-eabi/6.3.0/../../../../arm-none-eabi/lib/armv7-m\libg.a(lib_a-localeconv.o)
 .debug_loc     0x000000000000625c      0x147 c:/stm32/arm-none-eabi-gcc-6.3.0-170107/bin/../lib/gcc/arm-none-eabi/6.3.0/../../../../arm-none-eabi/lib/armv7-m\libg.a(lib_a-locale.o)
 .debug_loc     0x00000000000063a3       0x58 c:/stm32/arm-none-eabi-gcc-6.3.0-170107/bin/../lib/gcc/arm-none-eabi/6.3.0/../../../../arm-none-eabi/lib/armv7-m\libg.a(lib_a-malloc.o)
 .debug_loc     0x00000000000063fb      0xcc8 c:/stm32/arm-none-eabi-gcc-6.3.0-170107/bin/../lib/gcc/arm-none-eabi/6.3.0/../../../../arm-none-eabi/lib/armv7-m\libg.a(lib_a-mallocr.o)
 .debug_loc     0x00000000000070c3      0x1dd c:/stm32/arm-none-eabi-gcc-6.3.0-170107/bin/../lib/gcc/arm-none-eabi/6.3.0/../../../../arm-none-eabi/lib/armv7-m\libg.a(lib_a-mbtowc_r.o)
 .debug_loc     0x00000000000072a0      0x202 c:/stm32/arm-none-eabi-gcc-6.3.0-170107/bin/../lib/gcc/arm-none-eabi/6.3.0/../../../../arm-none-eabi/lib/armv7-m\libg.a(lib_a-memchr-stub.o)
 .debug_loc     0x00000000000074a2     0x1db7 c:/stm32/arm-none-eabi-gcc-6.3.0-170107/bin/../lib/gcc/arm-none-eabi/6.3.0/../../../../arm-none-eabi/lib/armv7-m\libg.a(lib_a-mprec.o)
 .debug_loc     0x0000000000009259      0x102 c:/stm32/arm-none-eabi-gcc-6.3.0-170107/bin/../lib/gcc/arm-none-eabi/6.3.0/../../../../arm-none-eabi/lib/armv7-m\libg.a(lib_a-s_frexp.o)
 .debug_loc     0x000000000000935b     0x1444 c:/stm32/arm-none-eabi-gcc-6.3.0-170107/bin/../lib/gcc/arm-none-eabi/6.3.0/../../../../arm-none-eabi/lib/armv7-m\libg.a(lib_a-svfiprintf.o)
 .debug_loc     0x000000000000a79f      0x124 c:/stm32/arm-none-eabi-gcc-6.3.0-170107/bin/../lib/gcc/arm-none-eabi/6.3.0/../../../../arm-none-eabi/lib/armv7-m\libg.a(lib_a-wctomb_r.o)
 .debug_loc     0x000000000000a8c3      0x291 c:/stm32/arm-none-eabi-gcc-6.3.0-170107/bin/../lib/gcc/arm-none-eabi/6.3.0/../../../../arm-none-eabi/lib/armv7-m\libg.a(lib_a-callocr.o)
 .debug_loc     0x000000000000ab54      0x281 c:/stm32/arm-none-eabi-gcc-6.3.0-170107/bin/../lib/gcc/arm-none-eabi/6.3.0/../../../../arm-none-eabi/lib/armv7-m\libg.a(lib_a-memmove.o)
 .debug_loc     0x000000000000add5      0xdc0 c:/stm32/arm-none-eabi-gcc-6.3.0-170107/bin/../lib/gcc/arm-none-eabi/6.3.0/../../../../arm-none-eabi/lib/armv7-m\libg.a(lib_a-reallocr.o)
 .debug_loc     0x000000000000bb95      0xdb9 c:/stm32/arm-none-eabi-gcc-6.3.0-170107/bin/../lib/gcc/arm-none-eabi/6.3.0/armv7-m\libgcc.a(_udivmoddi4.o)

.debug_macinfo
 *(.debug_macinfo)

.debug_weaknames
 *(.debug_weaknames)

.debug_funcnames
 *(.debug_funcnames)

.debug_typenames
 *(.debug_typenames)

.debug_varnames
 *(.debug_varnames)

.note.gnu.arm.ident
 *(.note.gnu.arm.ident)

.ARM.attributes
                0x0000000000000000       0x2f
 *(.ARM.attributes)
 .ARM.attributes
                0x0000000000000000       0x21 out/startup.o
 .ARM.attributes
                0x0000000000000021       0x33 out/main.o
 .ARM.attributes
                0x0000000000000054       0x33 out/gpio.o
 .ARM.attributes
                0x0000000000000087       0x33 out/vectors.o
 .ARM.attributes
                0x00000000000000ba       0x33 out/syscalls.o
 .ARM.attributes
                0x00000000000000ed       0x33 out/tasks.o
 .ARM.attributes
                0x0000000000000120       0x33 out/list.o
 .ARM.attributes
                0x0000000000000153       0x33 out/croutine.o
 .ARM.attributes
                0x0000000000000186       0x33 out/queue.o
 .ARM.attributes
                0x00000000000001b9       0x33 out/port.o
 .ARM.attributes
                0x00000000000001ec       0x33 out/heap_2.o
 .ARM.attributes
                0x000000000000021f       0x33 out/mainTask1.o
 .ARM.attributes
                0x0000000000000252       0x2d c:/stm32/arm-none-eabi-gcc-6.3.0-170107/bin/../lib/gcc/arm-none-eabi/6.3.0/../../../../arm-none-eabi/lib/armv7-m\libg.a(lib_a-memcmp.o)
 .ARM.attributes
                0x000000000000027f       0x1b c:/stm32/arm-none-eabi-gcc-6.3.0-170107/bin/../lib/gcc/arm-none-eabi/6.3.0/../../../../arm-none-eabi/lib/armv7-m\libg.a(lib_a-memcpy.o)
 .ARM.attributes
                0x000000000000029a       0x2d c:/stm32/arm-none-eabi-gcc-6.3.0-170107/bin/../lib/gcc/arm-none-eabi/6.3.0/../../../../arm-none-eabi/lib/armv7-m\libg.a(lib_a-memset.o)
 .ARM.attributes
                0x00000000000002c7       0x2d c:/stm32/arm-none-eabi-gcc-6.3.0-170107/bin/../lib/gcc/arm-none-eabi/6.3.0/../../../../arm-none-eabi/lib/armv7-m\libg.a(lib_a-reent.o)
 .ARM.attributes
                0x00000000000002f4       0x2d c:/stm32/arm-none-eabi-gcc-6.3.0-170107/bin/../lib/gcc/arm-none-eabi/6.3.0/../../../../arm-none-eabi/lib/armv7-m\libg.a(lib_a-sprintf.o)
 .ARM.attributes
                0x0000000000000321       0x2d c:/stm32/arm-none-eabi-gcc-6.3.0-170107/bin/../lib/gcc/arm-none-eabi/6.3.0/../../../../arm-none-eabi/lib/armv7-m\libg.a(lib_a-strcat.o)
 .ARM.attributes
                0x000000000000034e       0x2d c:/stm32/arm-none-eabi-gcc-6.3.0-170107/bin/../lib/gcc/arm-none-eabi/6.3.0/../../../../arm-none-eabi/lib/armv7-m\libg.a(lib_a-strcpy.o)
 .ARM.attributes
                0x000000000000037b       0x2d c:/stm32/arm-none-eabi-gcc-6.3.0-170107/bin/../lib/gcc/arm-none-eabi/6.3.0/../../../../arm-none-eabi/lib/armv7-m\libg.a(lib_a-strlen-stub.o)
 .ARM.attributes
                0x00000000000003a8       0x2d c:/stm32/arm-none-eabi-gcc-6.3.0-170107/bin/../lib/gcc/arm-none-eabi/6.3.0/../../../../arm-none-eabi/lib/armv7-m\libg.a(lib_a-strncpy.o)
 .ARM.attributes
                0x00000000000003d5       0x2d c:/stm32/arm-none-eabi-gcc-6.3.0-170107/bin/../lib/gcc/arm-none-eabi/6.3.0/../../../../arm-none-eabi/lib/armv7-m\libg.a(lib_a-svfprintf.o)
 .ARM.attributes
                0x0000000000000402       0x2d c:/stm32/arm-none-eabi-gcc-6.3.0-170107/bin/../lib/gcc/arm-none-eabi/6.3.0/../../../../arm-none-eabi/lib/armv7-m\libg.a(lib_a-dtoa.o)
 .ARM.attributes
                0x000000000000042f       0x2d c:/stm32/arm-none-eabi-gcc-6.3.0-170107/bin/../lib/gcc/arm-none-eabi/6.3.0/../../../../arm-none-eabi/lib/armv7-m\libg.a(lib_a-freer.o)
 .ARM.attributes
                0x000000000000045c       0x2d c:/stm32/arm-none-eabi-gcc-6.3.0-170107/bin/../lib/gcc/arm-none-eabi/6.3.0/../../../../arm-none-eabi/lib/armv7-m\libg.a(lib_a-impure.o)
 .ARM.attributes
                0x0000000000000489       0x2d c:/stm32/arm-none-eabi-gcc-6.3.0-170107/bin/../lib/gcc/arm-none-eabi/6.3.0/../../../../arm-none-eabi/lib/armv7-m\libg.a(lib_a-localeconv.o)
 .ARM.attributes
                0x00000000000004b6       0x2d c:/stm32/arm-none-eabi-gcc-6.3.0-170107/bin/../lib/gcc/arm-none-eabi/6.3.0/../../../../arm-none-eabi/lib/armv7-m\libg.a(lib_a-locale.o)
 .ARM.attributes
                0x00000000000004e3       0x2d c:/stm32/arm-none-eabi-gcc-6.3.0-170107/bin/../lib/gcc/arm-none-eabi/6.3.0/../../../../arm-none-eabi/lib/armv7-m\libg.a(lib_a-malloc.o)
 .ARM.attributes
                0x0000000000000510       0x2d c:/stm32/arm-none-eabi-gcc-6.3.0-170107/bin/../lib/gcc/arm-none-eabi/6.3.0/../../../../arm-none-eabi/lib/armv7-m\libg.a(lib_a-mallocr.o)
 .ARM.attributes
                0x000000000000053d       0x2d c:/stm32/arm-none-eabi-gcc-6.3.0-170107/bin/../lib/gcc/arm-none-eabi/6.3.0/../../../../arm-none-eabi/lib/armv7-m\libg.a(lib_a-mbtowc_r.o)
 .ARM.attributes
                0x000000000000056a       0x2d c:/stm32/arm-none-eabi-gcc-6.3.0-170107/bin/../lib/gcc/arm-none-eabi/6.3.0/../../../../arm-none-eabi/lib/armv7-m\libg.a(lib_a-memchr-stub.o)
 .ARM.attributes
                0x0000000000000597       0x2d c:/stm32/arm-none-eabi-gcc-6.3.0-170107/bin/../lib/gcc/arm-none-eabi/6.3.0/../../../../arm-none-eabi/lib/armv7-m\libg.a(lib_a-mlock.o)
 .ARM.attributes
                0x00000000000005c4       0x2d c:/stm32/arm-none-eabi-gcc-6.3.0-170107/bin/../lib/gcc/arm-none-eabi/6.3.0/../../../../arm-none-eabi/lib/armv7-m\libg.a(lib_a-mprec.o)
 .ARM.attributes
                0x00000000000005f1       0x2d c:/stm32/arm-none-eabi-gcc-6.3.0-170107/bin/../lib/gcc/arm-none-eabi/6.3.0/../../../../arm-none-eabi/lib/armv7-m\libg.a(lib_a-s_frexp.o)
 .ARM.attributes
                0x000000000000061e       0x1b c:/stm32/arm-none-eabi-gcc-6.3.0-170107/bin/../lib/gcc/arm-none-eabi/6.3.0/../../../../arm-none-eabi/lib/armv7-m\libg.a(lib_a-strcmp.o)
 .ARM.attributes
                0x0000000000000639       0x2d c:/stm32/arm-none-eabi-gcc-6.3.0-170107/bin/../lib/gcc/arm-none-eabi/6.3.0/../../../../arm-none-eabi/lib/armv7-m\libg.a(lib_a-svfiprintf.o)
 .ARM.attributes
                0x0000000000000666       0x2d c:/stm32/arm-none-eabi-gcc-6.3.0-170107/bin/../lib/gcc/arm-none-eabi/6.3.0/../../../../arm-none-eabi/lib/armv7-m\libg.a(lib_a-wctomb_r.o)
 .ARM.attributes
                0x0000000000000693       0x2d c:/stm32/arm-none-eabi-gcc-6.3.0-170107/bin/../lib/gcc/arm-none-eabi/6.3.0/../../../../arm-none-eabi/lib/armv7-m\libg.a(lib_a-callocr.o)
 .ARM.attributes
                0x00000000000006c0       0x2d c:/stm32/arm-none-eabi-gcc-6.3.0-170107/bin/../lib/gcc/arm-none-eabi/6.3.0/../../../../arm-none-eabi/lib/armv7-m\libg.a(lib_a-ctype_.o)
 .ARM.attributes
                0x00000000000006ed       0x2d c:/stm32/arm-none-eabi-gcc-6.3.0-170107/bin/../lib/gcc/arm-none-eabi/6.3.0/../../../../arm-none-eabi/lib/armv7-m\libg.a(lib_a-memmove.o)
 .ARM.attributes
                0x000000000000071a       0x2d c:/stm32/arm-none-eabi-gcc-6.3.0-170107/bin/../lib/gcc/arm-none-eabi/6.3.0/../../../../arm-none-eabi/lib/armv7-m\libg.a(lib_a-reallocr.o)
 .ARM.attributes
                0x0000000000000747       0x1d c:/stm32/arm-none-eabi-gcc-6.3.0-170107/bin/../lib/gcc/arm-none-eabi/6.3.0/armv7-m\libgcc.a(_arm_addsubdf3.o)
 .ARM.attributes
                0x0000000000000764       0x1d c:/stm32/arm-none-eabi-gcc-6.3.0-170107/bin/../lib/gcc/arm-none-eabi/6.3.0/armv7-m\libgcc.a(_arm_muldivdf3.o)
 .ARM.attributes
                0x0000000000000781       0x1d c:/stm32/arm-none-eabi-gcc-6.3.0-170107/bin/../lib/gcc/arm-none-eabi/6.3.0/armv7-m\libgcc.a(_arm_cmpdf2.o)
 .ARM.attributes
                0x000000000000079e       0x1d c:/stm32/arm-none-eabi-gcc-6.3.0-170107/bin/../lib/gcc/arm-none-eabi/6.3.0/armv7-m\libgcc.a(_arm_unorddf2.o)
 .ARM.attributes
                0x00000000000007bb       0x1d c:/stm32/arm-none-eabi-gcc-6.3.0-170107/bin/../lib/gcc/arm-none-eabi/6.3.0/armv7-m\libgcc.a(_arm_fixdfsi.o)
 .ARM.attributes
                0x00000000000007d8       0x1d c:/stm32/arm-none-eabi-gcc-6.3.0-170107/bin/../lib/gcc/arm-none-eabi/6.3.0/armv7-m\libgcc.a(_aeabi_uldivmod.o)
 .ARM.attributes
                0x00000000000007f5       0x2d c:/stm32/arm-none-eabi-gcc-6.3.0-170107/bin/../lib/gcc/arm-none-eabi/6.3.0/armv7-m\libgcc.a(_udivmoddi4.o)
 .ARM.attributes
                0x0000000000000822       0x1d c:/stm32/arm-none-eabi-gcc-6.3.0-170107/bin/../lib/gcc/arm-none-eabi/6.3.0/armv7-m\libgcc.a(_dvmd_tls.o)

/DISCARD/
 *(.note.GNU-stack)
                [!provide]                        PROVIDE (__text_size, (__text_end - __text_start))
                [!provide]                        PROVIDE (__exidx_size, (__exidx_end - __exidx_start))
                [!provide]                        PROVIDE (__data_size, (__data_end - __data_start))
                [!provide]                        PROVIDE (__bss_size, (__bss_end - __bss_start))
                [!provide]                        PROVIDE (__stack_size, (__stack_end - __stack_start))
                [!provide]                        PROVIDE (__heap_size, (__heap_end - __heap_start))
OUTPUT(out/stm32F1.elf elf32-littlearm)

.debug_ranges   0x0000000000000000      0xbe8
 .debug_ranges  0x0000000000000000       0x18 out/main.o
 .debug_ranges  0x0000000000000018       0x18 out/gpio.o
 .debug_ranges  0x0000000000000030       0x10 out/vectors.o
 .debug_ranges  0x0000000000000040       0x98 out/syscalls.o
 .debug_ranges  0x00000000000000d8      0x168 out/tasks.o
 .debug_ranges  0x0000000000000240       0x30 out/list.o
 .debug_ranges  0x0000000000000270       0x40 out/croutine.o
 .debug_ranges  0x00000000000002b0       0x98 out/queue.o
 .debug_ranges  0x0000000000000348       0x60 out/port.o
 .debug_ranges  0x00000000000003a8       0x28 out/heap_2.o
 .debug_ranges  0x00000000000003d0       0x18 out/mainTask1.o
 .debug_ranges  0x00000000000003e8       0x10 c:/stm32/arm-none-eabi-gcc-6.3.0-170107/bin/../lib/gcc/arm-none-eabi/6.3.0/../../../../arm-none-eabi/lib/armv7-m\libg.a(lib_a-memcmp.o)
 .debug_ranges  0x00000000000003f8       0x10 c:/stm32/arm-none-eabi-gcc-6.3.0-170107/bin/../lib/gcc/arm-none-eabi/6.3.0/../../../../arm-none-eabi/lib/armv7-m\libg.a(lib_a-memset.o)
 .debug_ranges  0x0000000000000408       0x18 c:/stm32/arm-none-eabi-gcc-6.3.0-170107/bin/../lib/gcc/arm-none-eabi/6.3.0/../../../../arm-none-eabi/lib/armv7-m\libg.a(lib_a-reent.o)
 .debug_ranges  0x0000000000000420       0x18 c:/stm32/arm-none-eabi-gcc-6.3.0-170107/bin/../lib/gcc/arm-none-eabi/6.3.0/../../../../arm-none-eabi/lib/armv7-m\libg.a(lib_a-sprintf.o)
 .debug_ranges  0x0000000000000438       0x10 c:/stm32/arm-none-eabi-gcc-6.3.0-170107/bin/../lib/gcc/arm-none-eabi/6.3.0/../../../../arm-none-eabi/lib/armv7-m\libg.a(lib_a-strcat.o)
 .debug_ranges  0x0000000000000448       0x10 c:/stm32/arm-none-eabi-gcc-6.3.0-170107/bin/../lib/gcc/arm-none-eabi/6.3.0/../../../../arm-none-eabi/lib/armv7-m\libg.a(lib_a-strcpy.o)
 .debug_ranges  0x0000000000000458       0x10 c:/stm32/arm-none-eabi-gcc-6.3.0-170107/bin/../lib/gcc/arm-none-eabi/6.3.0/../../../../arm-none-eabi/lib/armv7-m\libg.a(lib_a-strlen-stub.o)
 .debug_ranges  0x0000000000000468       0x10 c:/stm32/arm-none-eabi-gcc-6.3.0-170107/bin/../lib/gcc/arm-none-eabi/6.3.0/../../../../arm-none-eabi/lib/armv7-m\libg.a(lib_a-strncpy.o)
 .debug_ranges  0x0000000000000478      0x120 c:/stm32/arm-none-eabi-gcc-6.3.0-170107/bin/../lib/gcc/arm-none-eabi/6.3.0/../../../../arm-none-eabi/lib/armv7-m\libg.a(lib_a-svfprintf.o)
 .debug_ranges  0x0000000000000598       0x38 c:/stm32/arm-none-eabi-gcc-6.3.0-170107/bin/../lib/gcc/arm-none-eabi/6.3.0/../../../../arm-none-eabi/lib/armv7-m\libg.a(lib_a-dtoa.o)
 .debug_ranges  0x00000000000005d0       0x18 c:/stm32/arm-none-eabi-gcc-6.3.0-170107/bin/../lib/gcc/arm-none-eabi/6.3.0/../../../../arm-none-eabi/lib/armv7-m\libg.a(lib_a-freer.o)
 .debug_ranges  0x00000000000005e8       0x20 c:/stm32/arm-none-eabi-gcc-6.3.0-170107/bin/../lib/gcc/arm-none-eabi/6.3.0/../../../../arm-none-eabi/lib/armv7-m\libg.a(lib_a-localeconv.o)
 .debug_ranges  0x0000000000000608       0x50 c:/stm32/arm-none-eabi-gcc-6.3.0-170107/bin/../lib/gcc/arm-none-eabi/6.3.0/../../../../arm-none-eabi/lib/armv7-m\libg.a(lib_a-locale.o)
 .debug_ranges  0x0000000000000658       0x18 c:/stm32/arm-none-eabi-gcc-6.3.0-170107/bin/../lib/gcc/arm-none-eabi/6.3.0/../../../../arm-none-eabi/lib/armv7-m\libg.a(lib_a-malloc.o)
 .debug_ranges  0x0000000000000670       0x50 c:/stm32/arm-none-eabi-gcc-6.3.0-170107/bin/../lib/gcc/arm-none-eabi/6.3.0/../../../../arm-none-eabi/lib/armv7-m\libg.a(lib_a-mallocr.o)
 .debug_ranges  0x00000000000006c0       0x18 c:/stm32/arm-none-eabi-gcc-6.3.0-170107/bin/../lib/gcc/arm-none-eabi/6.3.0/../../../../arm-none-eabi/lib/armv7-m\libg.a(lib_a-mbtowc_r.o)
 .debug_ranges  0x00000000000006d8       0x10 c:/stm32/arm-none-eabi-gcc-6.3.0-170107/bin/../lib/gcc/arm-none-eabi/6.3.0/../../../../arm-none-eabi/lib/armv7-m\libg.a(lib_a-memchr-stub.o)
 .debug_ranges  0x00000000000006e8       0x10 c:/stm32/arm-none-eabi-gcc-6.3.0-170107/bin/../lib/gcc/arm-none-eabi/6.3.0/../../../../arm-none-eabi/lib/armv7-m\libg.a(lib_a-mlock.o)
 .debug_ranges  0x00000000000006f8      0x190 c:/stm32/arm-none-eabi-gcc-6.3.0-170107/bin/../lib/gcc/arm-none-eabi/6.3.0/../../../../arm-none-eabi/lib/armv7-m\libg.a(lib_a-mprec.o)
 .debug_ranges  0x0000000000000888       0x28 c:/stm32/arm-none-eabi-gcc-6.3.0-170107/bin/../lib/gcc/arm-none-eabi/6.3.0/../../../../arm-none-eabi/lib/armv7-m\libg.a(lib_a-s_frexp.o)
 .debug_ranges  0x00000000000008b0       0x80 c:/stm32/arm-none-eabi-gcc-6.3.0-170107/bin/../lib/gcc/arm-none-eabi/6.3.0/../../../../arm-none-eabi/lib/armv7-m\libg.a(lib_a-svfiprintf.o)
 .debug_ranges  0x0000000000000930       0x18 c:/stm32/arm-none-eabi-gcc-6.3.0-170107/bin/../lib/gcc/arm-none-eabi/6.3.0/../../../../arm-none-eabi/lib/armv7-m\libg.a(lib_a-wctomb_r.o)
 .debug_ranges  0x0000000000000948       0x50 c:/stm32/arm-none-eabi-gcc-6.3.0-170107/bin/../lib/gcc/arm-none-eabi/6.3.0/../../../../arm-none-eabi/lib/armv7-m\libg.a(lib_a-callocr.o)
 .debug_ranges  0x0000000000000998       0x10 c:/stm32/arm-none-eabi-gcc-6.3.0-170107/bin/../lib/gcc/arm-none-eabi/6.3.0/../../../../arm-none-eabi/lib/armv7-m\libg.a(lib_a-memmove.o)
 .debug_ranges  0x00000000000009a8      0x140 c:/stm32/arm-none-eabi-gcc-6.3.0-170107/bin/../lib/gcc/arm-none-eabi/6.3.0/../../../../arm-none-eabi/lib/armv7-m\libg.a(lib_a-reallocr.o)
 .debug_ranges  0x0000000000000ae8      0x100 c:/stm32/arm-none-eabi-gcc-6.3.0-170107/bin/../lib/gcc/arm-none-eabi/6.3.0/armv7-m\libgcc.a(_udivmoddi4.o)

.debug_macro    0x0000000000000000     0xc3c5
 .debug_macro   0x0000000000000000      0x28e out/main.o
 .debug_macro   0x000000000000028e      0x88c out/main.o
 .debug_macro   0x0000000000000b1a       0x22 out/main.o
 .debug_macro   0x0000000000000b3c       0x3a out/main.o
 .debug_macro   0x0000000000000b76       0x8d out/main.o
 .debug_macro   0x0000000000000c03       0x3c out/main.o
 .debug_macro   0x0000000000000c3f       0x9c out/main.o
 .debug_macro   0x0000000000000cdb       0x16 out/main.o
 .debug_macro   0x0000000000000cf1       0x57 out/main.o
 .debug_macro   0x0000000000000d48       0x97 out/main.o
 .debug_macro   0x0000000000000ddf      0x330 out/main.o
 .debug_macro   0x000000000000110f       0xf6 out/main.o
 .debug_macro   0x0000000000001205       0x10 out/main.o
 .debug_macro   0x0000000000001215       0x52 out/main.o
 .debug_macro   0x0000000000001267       0x1f out/main.o
 .debug_macro   0x0000000000001286       0x43 out/main.o
 .debug_macro   0x00000000000012c9       0x20 out/main.o
 .debug_macro   0x00000000000012e9      0x1a3 out/main.o
 .debug_macro   0x000000000000148c       0x10 out/main.o
 .debug_macro   0x000000000000149c       0x6a out/main.o
 .debug_macro   0x0000000000001506       0x1c out/main.o
 .debug_macro   0x0000000000001522       0x52 out/main.o
 .debug_macro   0x0000000000001574       0x40 out/main.o
 .debug_macro   0x00000000000015b4       0x10 out/main.o
 .debug_macro   0x00000000000015c4       0x40 out/main.o
 .debug_macro   0x0000000000001604       0xd7 out/main.o
 .debug_macro   0x00000000000016db       0x16 out/main.o
 .debug_macro   0x00000000000016f1      0x161 out/main.o
 .debug_macro   0x0000000000001852       0x16 out/main.o
 .debug_macro   0x0000000000001868       0x35 out/main.o
 .debug_macro   0x000000000000189d       0x46 out/main.o
 .debug_macro   0x00000000000018e3       0xd6 out/main.o
 .debug_macro   0x00000000000019b9       0xa3 out/main.o
 .debug_macro   0x0000000000001a5c       0x12 out/main.o
 .debug_macro   0x0000000000001a6e       0x1e out/main.o
 .debug_macro   0x0000000000001a8c      0x177 out/main.o
 .debug_macro   0x0000000000001c03       0x42 out/main.o
 .debug_macro   0x0000000000001c45       0x56 out/main.o
 .debug_macro   0x0000000000001c9b       0x6a out/main.o
 .debug_macro   0x0000000000001d05       0x62 out/main.o
 .debug_macro   0x0000000000001d67       0x4f out/main.o
 .debug_macro   0x0000000000001db6       0x22 out/main.o
 .debug_macro   0x0000000000001dd8       0xef out/main.o
 .debug_macro   0x0000000000001ec7      0x1df out/main.o
 .debug_macro   0x00000000000020a6      0x69f out/main.o
 .debug_macro   0x0000000000002745     0x7dcc out/main.o
 .debug_macro   0x000000000000a511      0x353 out/main.o
 .debug_macro   0x000000000000a864       0x8e out/gpio.o
 .debug_macro   0x000000000000a8f2       0x87 out/gpio.o
 .debug_macro   0x000000000000a979       0x51 out/gpio.o
 .debug_macro   0x000000000000a9ca      0x6bd out/gpio.o
 .debug_macro   0x000000000000b087       0x11 out/vectors.o
 .debug_macro   0x000000000000b098      0x220 out/syscalls.o
 .debug_macro   0x000000000000b2b8       0x10 out/syscalls.o
 .debug_macro   0x000000000000b2c8      0x16d out/syscalls.o
 .debug_macro   0x000000000000b435      0x23b out/syscalls.o
 .debug_macro   0x000000000000b670       0x10 out/syscalls.o
 .debug_macro   0x000000000000b680       0x10 out/syscalls.o
 .debug_macro   0x000000000000b690       0x10 out/syscalls.o
 .debug_macro   0x000000000000b6a0       0x35 out/syscalls.o
 .debug_macro   0x000000000000b6d5      0x122 out/syscalls.o
 .debug_macro   0x000000000000b7f7      0x29f out/tasks.o
 .debug_macro   0x000000000000ba96       0x16 out/tasks.o
 .debug_macro   0x000000000000baac       0x16 out/tasks.o
 .debug_macro   0x000000000000bac2       0x29 out/tasks.o
 .debug_macro   0x000000000000baeb       0x16 out/tasks.o
 .debug_macro   0x000000000000bb01      0x148 out/list.o
 .debug_macro   0x000000000000bc49      0x10e out/list.o
 .debug_macro   0x000000000000bd57       0x86 out/list.o
 .debug_macro   0x000000000000bddd       0x8b out/croutine.o
 .debug_macro   0x000000000000be68       0x49 out/croutine.o
 .debug_macro   0x000000000000beb1      0x1dc out/queue.o
 .debug_macro   0x000000000000c08d       0xca out/port.o
 .debug_macro   0x000000000000c157      0x176 out/heap_2.o
 .debug_macro   0x000000000000c2cd       0xf8 out/mainTask1.o

.comment        0x0000000000000000       0x25
 .comment       0x0000000000000000       0x25 out/main.o
                                         0x26 (size before relaxing)
 .comment       0x0000000000000025       0x26 out/gpio.o
 .comment       0x0000000000000025       0x26 out/vectors.o
 .comment       0x0000000000000025       0x26 out/syscalls.o
 .comment       0x0000000000000025       0x26 out/tasks.o
 .comment       0x0000000000000025       0x26 out/list.o